<html>
<body>
<pre>
<h1>µVision Build Log</h1>
<h2>Tool Versions:</h2>
IDE-Version: ¦ÌVision V5.17.0.0
Copyright (C) 2015 ARM Ltd and ARM Germany GmbH. All rights reserved.
License Information: han admin, 888, LIC=1WS74-FMJB4-PFHIX-HIZUD-K7DGZ-A1RWK
 
Tool Versions:
Toolchain:       MDK-ARM Professional  Version: 5.17
Toolchain Path:  C:\Keil_v5\ARM\ARMCC\Bin
C Compiler:      Armcc.exe V5.06 update 1 (build 61)
Assembler:       Armasm.exe V5.06 update 1 (build 61)
Linker/Locator:  ArmLink.exe V5.06 update 1 (build 61)
Library Manager: ArmAr.exe V5.06 update 1 (build 61)
Hex Converter:   FromElf.exe V5.06 update 1 (build 61)
CPU DLL:         SARMCM3.DLL V5.17
Dialog DLL:      DCM.DLL V1.13.4.0
Target DLL:      STLink\ST-LINKIII-KEIL_SWO.dll V2.0.18.0
Dialog DLL:      TCM.DLL V1.14.6.0
 
<h2>Project:</h2>
D:\STM32Cube_FW_L4_V1.10.0\Projects\STM32L432KC-Nucleo\Examples\GPIO\GPIO_IOToggle\MDK-ARM\Project.uvprojx
Project File Date:  02/01/2018

<h2>Output:</h2>
*** Using Compiler 'V5.06 update 1 (build 61)', folder: 'C:\Keil_v5\ARM\ARMCC\Bin'
Build target 'STM32L432KC_NUCLEO'
compiling main.c...
../Src/main.c(172): warning:  #177-D: function "Error_Handler" was declared but never referenced
  static void Error_Handler(void)
../Src/main.c: 1 warning, 0 errors
compiling stm32l4xx_it.c...
compiling stm32l4xx_hal_msp.c...
compiling stm32l4xx_hal.c...
compiling stm32l4xx_hal_rcc.c...
compiling stm32l4xx_hal_gpio.c...
compiling stm32l4xx_hal_pwr.c...
compiling stm32l4xx_hal_cortex.c...
compiling stm32l4xx_hal_pwr_ex.c...
compiling stm32l4xx_hal_uart.c...
compiling stm32l4xx_hal_i2c.c...
compiling stm32l4xx_hal_adc.c...
compiling stm32l4xx_hal_adc_ex.c...
compiling stm32l4xx_hal_comp.c...
compiling stm32l4xx_hal_can.c...
compiling stm32l4xx_hal_crc_ex.c...
compiling stm32l4xx_hal_crc.c...
compiling stm32l4xx_hal_cryp.c...
compiling stm32l4xx_hal_dcmi.c...
compiling stm32l4xx_hal_dfsdm.c...
compiling stm32l4xx_hal_cryp_ex.c...
compiling stm32l4xx_hal_dma_ex.c...
compiling stm32l4xx_hal_dfsdm_ex.c...
compiling stm32l4xx_hal_dma.c...
compiling stm32l4xx_hal_dma2d.c...
compiling stm32l4xx_hal_firewall.c...
compiling stm32l4xx_hal_dsi.c...
compiling stm32l4xx_hal_flash_ramfunc.c...
compiling stm32l4xx_hal_flash.c...
compiling stm32l4xx_hal_flash_ex.c...
compiling stm32l4xx_hal_gfxmmu.c...
compiling stm32l4xx_hal_hash.c...
compiling stm32l4xx_hal_hash_ex.c...
compiling stm32l4xx_hal_hcd.c...
compiling stm32l4xx_hal_iwdg.c...
compiling stm32l4xx_hal_irda.c...
compiling stm32l4xx_hal_i2c_ex.c...
compiling stm32l4xx_hal_lptim.c...
compiling stm32l4xx_hal_ltdc.c...
compiling stm32l4xx_hal_lcd.c...
compiling stm32l4xx_hal_ltdc_ex.c...
compiling stm32l4xx_hal_nand.c...
compiling stm32l4xx_hal_nor.c...
compiling stm32l4xx_hal_opamp.c...
compiling stm32l4xx_hal_ospi.c...
compiling stm32l4xx_hal_opamp_ex.c...
compiling stm32l4xx_hal_qspi.c...
compiling stm32l4xx_hal_pcd.c...
compiling stm32l4xx_hal_pcd_ex.c...
compiling stm32l4xx_hal_rtc.c...
compiling stm32l4xx_hal_rng.c...
compiling stm32l4xx_hal_rcc_ex.c...
compiling stm32l4xx_hal_rtc_ex.c...
compiling stm32l4xx_hal_sai.c...
compiling stm32l4xx_hal_sai_ex.c...
compiling stm32l4xx_hal_sd_ex.c...
compiling stm32l4xx_hal_sd.c...
compiling stm32l4xx_hal_smartcard.c...
compiling stm32l4xx_hal_smartcard_ex.c...
compiling stm32l4xx_hal_spi.c...
compiling stm32l4xx_hal_smbus.c...
compiling stm32l4xx_hal_swpmi.c...
compiling stm32l4xx_hal_sram.c...
compiling stm32l4xx_hal_spi_ex.c...
compiling stm32l4xx_hal_tim.c...
compiling stm32l4xx_hal_tsc.c...
compiling stm32l4xx_hal_tim_ex.c...
compiling stm32l4xx_hal_usart_ex.c...
compiling stm32l4xx_hal_usart.c...
compiling stm32l4xx_hal_uart_ex.c...
compiling stm32l4xx_hal_wwdg.c...
compiling stm32l4xx_ll_fmc.c...
compiling stm32l4xx_ll_sdmmc.c...
compiling stm32l4xx_ll_usb.c...
compiling system_stm32l4xx.c...
compiling p9221.c...
"no source": Error:  #5: cannot open source input file "..\..\..\..\..\..\Drivers\BSP\Power_Pack\p9221.c": No such file or directory
..\..\..\..\..\..\Drivers\BSP\Power_Pack\p9221.c: 0 warnings, 1 error
compiling power_pack.c...
"no source": Error:  #5: cannot open source input file "..\..\..\..\..\..\Drivers\BSP\Power_Pack\power_pack.c": No such file or directory
..\..\..\..\..\..\Drivers\BSP\Power_Pack\power_pack.c: 0 warnings, 1 error
compiling stm32l4xx_ll_utils.c...
compiling smb1381.c...
linking...
Program Size: Code=14000 RO-data=508 RW-data=60 ZI-data=1356  
"STM32L432KC_NUCLEO\STM32L432KC_NUCLEO.axf" - 0 Error(s), 1 Warning(s).

<h2>Software Packages used:</h2>

Package Vendor: ARM
                http://www.keil.com/pack/ARM.CMSIS.4.5.0.pack
                ARM::CMSIS:CORE:4.3.0
                CMSIS (Cortex Microcontroller Software Interface Standard)
   * Component: CORE Version: 4.3.0

<h2>Collection of Component include folders:</h2>
  D:\STM32Cube_FW_L4_V1.10.0\Projects\STM32L432KC-Nucleo\Examples\GPIO\GPIO_IOToggle\MDK-ARM\RTE
  C:\Keil_v5\ARM\PACK\ARM\CMSIS\4.5.0\CMSIS\Include
  C:\Keil_v5\ARM\PACK\Keil\STM32L4xx_DFP\2.0.0\Drivers\CMSIS\Device\ST\STM32L4xx\Include

<h2>Collection of Component Files used:</h2>

   * Component: ARM::CMSIS:CORE:4.3.0
Build Time Elapsed:  00:03:48
</pre>
</body>
</html>
