Component: ARM Compiler 5.06 update 1 (build 61) Tool: armlink [4d35a8]

==============================================================================

Section Cross References

    startup_stm32l431xx.o(RESET) refers to startup_stm32l431xx.o(STACK) for __initial_sp
    startup_stm32l431xx.o(RESET) refers to startup_stm32l431xx.o(.text) for Reset_Handler
    startup_stm32l431xx.o(RESET) refers to stm32l4xx_it.o(i.NMI_Handler) for NMI_Handler
    startup_stm32l431xx.o(RESET) refers to stm32l4xx_it.o(i.HardFault_Handler) for HardFault_Handler
    startup_stm32l431xx.o(RESET) refers to stm32l4xx_it.o(i.MemManage_Handler) for MemManage_Handler
    startup_stm32l431xx.o(RESET) refers to stm32l4xx_it.o(i.BusFault_Handler) for BusFault_Handler
    startup_stm32l431xx.o(RESET) refers to stm32l4xx_it.o(i.UsageFault_Handler) for UsageFault_Handler
    startup_stm32l431xx.o(RESET) refers to stm32l4xx_it.o(i.SVC_Handler) for SVC_Handler
    startup_stm32l431xx.o(RESET) refers to stm32l4xx_it.o(i.DebugMon_Handler) for DebugMon_Handler
    startup_stm32l431xx.o(RESET) refers to stm32l4xx_it.o(i.PendSV_Handler) for PendSV_Handler
    startup_stm32l431xx.o(RESET) refers to stm32l4xx_it.o(i.SysTick_Handler) for SysTick_Handler
    startup_stm32l431xx.o(RESET) refers to stm32l4xx_it.o(i.EXTI0_IRQHandler) for EXTI0_IRQHandler
    startup_stm32l431xx.o(RESET) refers to stm32l4xx_it.o(i.EXTI1_IRQHandler) for EXTI1_IRQHandler
    startup_stm32l431xx.o(RESET) refers to stm32l4xx_it.o(i.EXTI2_IRQHandler) for EXTI2_IRQHandler
    startup_stm32l431xx.o(RESET) refers to stm32l4xx_it.o(i.EXTI3_IRQHandler) for EXTI3_IRQHandler
    startup_stm32l431xx.o(RESET) refers to stm32l4xx_it.o(i.EXTI4_IRQHandler) for EXTI4_IRQHandler
    startup_stm32l431xx.o(RESET) refers to stm32l4xx_it.o(i.DMA1_Channel1_IRQHandler) for DMA1_Channel1_IRQHandler
    startup_stm32l431xx.o(RESET) refers to stm32l4xx_it.o(i.EXTI15_10_IRQHandler) for EXTI15_10_IRQHandler
    startup_stm32l431xx.o(.text) refers to system_stm32l4xx.o(i.SystemInit) for SystemInit
    startup_stm32l431xx.o(.text) refers to entry.o(.ARM.Collect$$$$00000000) for __main
    main.o(i.ADC_Data_Handle) refers to main.o(.data) for .data
    main.o(i.HAL_GPIO_EXTI_Callback) refers to power_pack.o(i.BSP_LED_Toggle) for BSP_LED_Toggle
    main.o(i.HAL_GPIO_EXTI_Callback) refers to power_pack.o(i.BSP_LED_Light) for BSP_LED_Light
    main.o(i.HAL_GPIO_EXTI_Callback) refers to power_pack.o(i.BSP_BOOST2PHONE) for BSP_BOOST2PHONE
    main.o(i.HAL_GPIO_EXTI_Callback) refers to power_pack.o(i.BSP_WLC2SMB) for BSP_WLC2SMB
    main.o(i.HAL_GPIO_EXTI_Callback) refers to power_pack.o(i.BSP_USB2SMB) for BSP_USB2SMB
    main.o(i.HAL_GPIO_EXTI_Callback) refers to power_pack.o(i.BSP_USB2PHONE) for BSP_USB2PHONE
    main.o(i.HAL_GPIO_EXTI_Callback) refers to power_pack.o(i.BSP_WLC2PHONE) for BSP_WLC2PHONE
    main.o(i.HAL_GPIO_EXTI_Callback) refers to main.o(.data) for .data
    main.o(i.SystemClock_Config) refers to memseta.o(.text) for __aeabi_memclr4
    main.o(i.SystemClock_Config) refers to stm32l4xx_hal_rcc.o(i.HAL_RCC_OscConfig) for HAL_RCC_OscConfig
    main.o(i.SystemClock_Config) refers to stm32l4xx_hal_rcc.o(i.HAL_RCC_ClockConfig) for HAL_RCC_ClockConfig
    main.o(i.main) refers to stm32l4xx_hal.o(i.HAL_Init) for HAL_Init
    main.o(i.main) refers to main.o(i.SystemClock_Config) for SystemClock_Config
    main.o(i.main) refers to power_pack.o(i.BSP_POWER_PACK_Init) for BSP_POWER_PACK_Init
    main.o(i.main) refers to smb1381.o(i.BSP_SMB_Enable) for BSP_SMB_Enable
    main.o(i.main) refers to smb1381.o(i.BSP_SMB_Get_ID) for BSP_SMB_Get_ID
    main.o(i.main) refers to smb1381.o(i.BSP_SMB_Init) for BSP_SMB_Init
    main.o(i.main) refers to main.o(i.ADC_Data_Handle) for ADC_Data_Handle
    main.o(i.main) refers to main.o(.data) for .data
    stm32l4xx_it.o(i.DMA1_Channel1_IRQHandler) refers to stm32l4xx_hal_dma.o(i.HAL_DMA_IRQHandler) for HAL_DMA_IRQHandler
    stm32l4xx_it.o(i.DMA1_Channel1_IRQHandler) refers to main.o(.bss) for AdcHandle
    stm32l4xx_it.o(i.EXTI0_IRQHandler) refers to stm32l4xx_hal_gpio.o(i.HAL_GPIO_EXTI_IRQHandler) for HAL_GPIO_EXTI_IRQHandler
    stm32l4xx_it.o(i.EXTI15_10_IRQHandler) refers to stm32l4xx_hal_gpio.o(i.HAL_GPIO_EXTI_IRQHandler) for HAL_GPIO_EXTI_IRQHandler
    stm32l4xx_it.o(i.EXTI1_IRQHandler) refers to stm32l4xx_hal_gpio.o(i.HAL_GPIO_EXTI_IRQHandler) for HAL_GPIO_EXTI_IRQHandler
    stm32l4xx_it.o(i.EXTI2_IRQHandler) refers to stm32l4xx_hal_gpio.o(i.HAL_GPIO_EXTI_IRQHandler) for HAL_GPIO_EXTI_IRQHandler
    stm32l4xx_it.o(i.EXTI3_IRQHandler) refers to stm32l4xx_hal_gpio.o(i.HAL_GPIO_EXTI_IRQHandler) for HAL_GPIO_EXTI_IRQHandler
    stm32l4xx_it.o(i.EXTI4_IRQHandler) refers to stm32l4xx_hal_gpio.o(i.HAL_GPIO_EXTI_IRQHandler) for HAL_GPIO_EXTI_IRQHandler
    stm32l4xx_it.o(i.I2Cx_ER_IRQHandler) refers to stm32l4xx_hal_i2c.o(i.HAL_I2C_ER_IRQHandler) for HAL_I2C_ER_IRQHandler
    stm32l4xx_it.o(i.I2Cx_ER_IRQHandler) refers to main.o(.bss) for I2cHandle
[...]
    Removing stm32l4xx_hal_swpmi.o(.rev16_text), (4 bytes).
    Removing stm32l4xx_hal_swpmi.o(.revsh_text), (4 bytes).
    Removing stm32l4xx_hal_swpmi.o(.rrx_text), (6 bytes).
    Removing stm32l4xx_hal_tim.o(.rev16_text), (4 bytes).
    Removing stm32l4xx_hal_tim.o(.revsh_text), (4 bytes).
    Removing stm32l4xx_hal_tim.o(.rrx_text), (6 bytes).
    Removing stm32l4xx_hal_tim_ex.o(.rev16_text), (4 bytes).
    Removing stm32l4xx_hal_tim_ex.o(.revsh_text), (4 bytes).
    Removing stm32l4xx_hal_tim_ex.o(.rrx_text), (6 bytes).
    Removing stm32l4xx_hal_tsc.o(.rev16_text), (4 bytes).
    Removing stm32l4xx_hal_tsc.o(.revsh_text), (4 bytes).
    Removing stm32l4xx_hal_tsc.o(.rrx_text), (6 bytes).
    Removing stm32l4xx_hal_uart_ex.o(.rev16_text), (4 bytes).
    Removing stm32l4xx_hal_uart_ex.o(.revsh_text), (4 bytes).
    Removing stm32l4xx_hal_uart_ex.o(.rrx_text), (6 bytes).
    Removing stm32l4xx_hal_uart_ex.o(i.HAL_MultiProcessorEx_AddressLength_Set), (48 bytes).
    Removing stm32l4xx_hal_uart_ex.o(i.HAL_RS485Ex_Init), (140 bytes).
    Removing stm32l4xx_hal_uart_ex.o(i.HAL_UARTEx_DisableStopMode), (46 bytes).
    Removing stm32l4xx_hal_uart_ex.o(i.HAL_UARTEx_EnableStopMode), (46 bytes).
    Removing stm32l4xx_hal_uart_ex.o(i.HAL_UARTEx_StopModeWakeUpSourceConfig), (138 bytes).
    Removing stm32l4xx_hal_uart_ex.o(i.HAL_UARTEx_WakeupCallback), (2 bytes).
    Removing stm32l4xx_hal_usart.o(.rev16_text), (4 bytes).
    Removing stm32l4xx_hal_usart.o(.revsh_text), (4 bytes).
    Removing stm32l4xx_hal_usart.o(.rrx_text), (6 bytes).
    Removing stm32l4xx_hal_usart_ex.o(.rev16_text), (4 bytes).
    Removing stm32l4xx_hal_usart_ex.o(.revsh_text), (4 bytes).
    Removing stm32l4xx_hal_usart_ex.o(.rrx_text), (6 bytes).
    Removing stm32l4xx_hal_wwdg.o(.rev16_text), (4 bytes).
    Removing stm32l4xx_hal_wwdg.o(.revsh_text), (4 bytes).
    Removing stm32l4xx_hal_wwdg.o(.rrx_text), (6 bytes).
    Removing stm32l4xx_ll_fmc.o(.rev16_text), (4 bytes).
    Removing stm32l4xx_ll_fmc.o(.revsh_text), (4 bytes).
    Removing stm32l4xx_ll_fmc.o(.rrx_text), (6 bytes).
    Removing stm32l4xx_ll_sdmmc.o(.rev16_text), (4 bytes).
    Removing stm32l4xx_ll_sdmmc.o(.revsh_text), (4 bytes).
    Removing stm32l4xx_ll_sdmmc.o(.rrx_text), (6 bytes).
    Removing stm32l4xx_ll_usb.o(.rev16_text), (4 bytes).
    Removing stm32l4xx_ll_usb.o(.revsh_text), (4 bytes).
    Removing stm32l4xx_ll_usb.o(.rrx_text), (6 bytes).
    Removing stm32l4xx_ll_utils.o(.rev16_text), (4 bytes).
    Removing stm32l4xx_ll_utils.o(.revsh_text), (4 bytes).
    Removing stm32l4xx_ll_utils.o(.rrx_text), (6 bytes).
    Removing stm32l4xx_ll_utils.o(i.LL_Init1msTick), (26 bytes).
    Removing stm32l4xx_ll_utils.o(i.LL_PLL_ConfigSystemClock_HSE), (108 bytes).
    Removing stm32l4xx_ll_utils.o(i.LL_PLL_ConfigSystemClock_HSI), (88 bytes).
    Removing stm32l4xx_ll_utils.o(i.LL_PLL_ConfigSystemClock_MSI), (160 bytes).
    Removing stm32l4xx_ll_utils.o(i.LL_RCC_PLL_ConfigDomain_SYS), (32 bytes).
    Removing stm32l4xx_ll_utils.o(i.LL_SetSystemCoreClock), (12 bytes).
    Removing stm32l4xx_ll_utils.o(i.LL_mDelay), (30 bytes).
    Removing stm32l4xx_ll_utils.o(i.UTILS_EnablePLLAndSwitchSystem), (152 bytes).
    Removing stm32l4xx_ll_utils.o(i.UTILS_GetPLLOutputFrequency), (34 bytes).
    Removing stm32l4xx_ll_utils.o(i.UTILS_PLL_IsBusy), (32 bytes).
    Removing stm32l4xx_ll_utils.o(i.UTILS_SetFlashLatency), (136 bytes).
    Removing system_stm32l4xx.o(.rev16_text), (4 bytes).
    Removing system_stm32l4xx.o(.revsh_text), (4 bytes).
    Removing system_stm32l4xx.o(.rrx_text), (6 bytes).
    Removing system_stm32l4xx.o(i.SystemCoreClockUpdate), (168 bytes).
    Removing power_pack.o(.rev16_text), (4 bytes).
    Removing power_pack.o(.revsh_text), (4 bytes).
    Removing power_pack.o(.rrx_text), (6 bytes).
    Removing power_pack.o(i.BSP_GetVersion), (6 bytes).
    Removing power_pack.o(i.BSP_I2C1_Error), (20 bytes).
    Removing power_pack.o(i.BSP_I2C1_IsDeviceReady), (24 bytes).
    Removing power_pack.o(i.BSP_I2C1_Read), (56 bytes).
    Removing power_pack.o(i.BSP_I2C1_ReadBuffer), (44 bytes).
    Removing power_pack.o(i.BSP_I2C1_Write), (48 bytes).
    Removing power_pack.o(i.BSP_I2C1_WriteBuffer), (44 bytes).
    Removing power_pack.o(i.BSP_I2C2_IsDeviceReady), (24 bytes).
    Removing power_pack.o(i.BSP_I2C2_WriteBuffer), (44 bytes).
    Removing p9221.o(.rev16_text), (4 bytes).
    Removing p9221.o(.revsh_text), (4 bytes).
    Removing p9221.o(.rrx_text), (6 bytes).
    Removing p9221.o(i.BSP_WLC_Disable), (16 bytes).
    Removing p9221.o(i.BSP_WLC_Enable), (16 bytes).
    Removing p9221.o(i.BSP_WLC_Get_ID_FW), (50 bytes).
    Removing smb1381.o(.rev16_text), (4 bytes).
    Removing smb1381.o(.revsh_text), (4 bytes).
    Removing smb1381.o(.rrx_text), (6 bytes).
    Removing smb1381.o(i.BSP_SMB_Disable), (14 bytes).
    Removing smb1381.o(i.BSP_SMB_WLC_Charging), (2 bytes).

589 unused section(s) (total 28036 bytes) removed from the image.

==============================================================================

Image Symbol Table

    Local Symbols

    Symbol Name                              Value     Ov Type        Size  Object(Section)

    ../../../../../../Drivers/STM32L4xx_HAL_Driver/Src/stm32l4xx_hal.c 0x00000000   Number         0  stm32l4xx_hal.o ABSOLUTE
    ../../../../../../Drivers/STM32L4xx_HAL_Driver/Src/stm32l4xx_hal_cortex.c 0x00000000   Number         0  stm32l4xx_hal_cortex.o ABSOLUTE
    ../../../../../../Drivers/STM32L4xx_HAL_Driver/Src/stm32l4xx_hal_gpio.c 0x00000000   Number         0  stm32l4xx_hal_gpio.o ABSOLUTE
    ../../../../../../Drivers/STM32L4xx_HAL_Driver/Src/stm32l4xx_hal_pwr.c 0x00000000   Number         0  stm32l4xx_hal_pwr.o ABSOLUTE
    ../../../../../../Drivers/STM32L4xx_HAL_Driver/Src/stm32l4xx_hal_pwr_ex.c 0x00000000   Number         0  stm32l4xx_hal_pwr_ex.o ABSOLUTE
    ../../../../../../Drivers/STM32L4xx_HAL_Driver/Src/stm32l4xx_hal_rcc.c 0x00000000   Number         0  stm32l4xx_hal_rcc.o ABSOLUTE
    ../Src/main.c                            0x00000000   Number         0  main.o ABSOLUTE
    ../Src/stm32l4xx_it.c                    0x00000000   Number         0  stm32l4xx_it.o ABSOLUTE
    ../Src/system_stm32l4xx.c                0x00000000   Number         0  system_stm32l4xx.o ABSOLUTE
    ../clib/microlib/division.c              0x00000000   Number         0  uldiv.o ABSOLUTE
    ../clib/microlib/init/entry.s            0x00000000   Number         0  entry8b.o ABSOLUTE
    ../clib/microlib/init/entry.s            0x00000000   Number         0  entry10a.o ABSOLUTE
    ../clib/microlib/init/entry.s            0x00000000   Number         0  entry10b.o ABSOLUTE
    ../clib/microlib/init/entry.s            0x00000000   Number         0  entry9b.o ABSOLUTE
    ../clib/microlib/init/entry.s            0x00000000   Number         0  entry11b.o ABSOLUTE
    ../clib/microlib/init/entry.s            0x00000000   Number         0  entry11a.o ABSOLUTE
    ../clib/microlib/init/entry.s            0x00000000   Number         0  entry.o ABSOLUTE
    ../clib/microlib/init/entry.s            0x00000000   Number         0  entry2.o ABSOLUTE
    ../clib/microlib/init/entry.s            0x00000000   Number         0  entry5.o ABSOLUTE
    ../clib/microlib/init/entry.s            0x00000000   Number         0  entry7a.o ABSOLUTE
    ../clib/microlib/init/entry.s            0x00000000   Number         0  entry7b.o ABSOLUTE
    ../clib/microlib/init/entry.s            0x00000000   Number         0  entry9a.o ABSOLUTE
    ../clib/microlib/init/entry.s            0x00000000   Number         0  entry8a.o ABSOLUTE
    ../clib/microlib/longlong.c              0x00000000   Number         0  llshl.o ABSOLUTE
    ../clib/microlib/longlong.c              0x00000000   Number         0  llushr.o ABSOLUTE
    ../clib/microlib/string/memset.c         0x00000000   Number         0  memseta.o ABSOLUTE
    ..\..\..\..\..\..\Drivers\BSP\Power_Pack\p9221.c 0x00000000   Number         0  p9221.o ABSOLUTE
    ..\..\..\..\..\..\Drivers\BSP\Power_Pack\power_pack.c 0x00000000   Number         0  power_pack.o ABSOLUTE
    ..\..\..\..\..\..\Drivers\BSP\Power_Pack\smb1381.c 0x00000000   Number         0  smb1381.o ABSOLUTE
    ..\..\..\..\..\..\Drivers\STM32L4xx_HAL_Driver\Src\stm32l4xx_hal.c 0x00000000   Number         0  stm32l4xx_hal.o ABSOLUTE
    ..\..\..\..\..\..\Drivers\STM32L4xx_HAL_Driver\Src\stm32l4xx_hal_adc.c 0x00000000   Number         0  stm32l4xx_hal_adc.o ABSOLUTE
    ..\..\..\..\..\..\Drivers\STM32L4xx_HAL_Driver\Src\stm32l4xx_hal_adc_ex.c 0x00000000   Number         0  stm32l4xx_hal_adc_ex.o ABSOLUTE
    ..\..\..\..\..\..\Drivers\STM32L4xx_HAL_Driver\Src\stm32l4xx_hal_can.c 0x00000000   Number         0  stm32l4xx_hal_can.o ABSOLUTE
    ..\..\..\..\..\..\Drivers\STM32L4xx_HAL_Driver\Src\stm32l4xx_hal_comp.c 0x00000000   Number         0  stm32l4xx_hal_comp.o ABSOLUTE
    ..\..\..\..\..\..\Drivers\STM32L4xx_HAL_Driver\Src\stm32l4xx_hal_cortex.c 0x00000000   Number         0  stm32l4xx_hal_cortex.o ABSOLUTE
    ..\..\..\..\..\..\Drivers\STM32L4xx_HAL_Driver\Src\stm32l4xx_hal_crc.c 0x00000000   Number         0  stm32l4xx_hal_crc.o ABSOLUTE
    ..\..\..\..\..\..\Drivers\STM32L4xx_HAL_Driver\Src\stm32l4xx_hal_crc_ex.c 0x00000000   Number         0  stm32l4xx_hal_crc_ex.o ABSOLUTE
    ..\..\..\..\..\..\Drivers\STM32L4xx_HAL_Driver\Src\stm32l4xx_hal_cryp.c 0x00000000   Number         0  stm32l4xx_hal_cryp.o ABSOLUTE
    ..\..\..\..\..\..\Drivers\STM32L4xx_HAL_Driver\Src\stm32l4xx_hal_cryp_ex.c 0x00000000   Number         0  stm32l4xx_hal_cryp_ex.o ABSOLUTE
    ..\..\..\..\..\..\Drivers\STM32L4xx_HAL_Driver\Src\stm32l4xx_hal_dcmi.c 0x00000000   Number         0  stm32l4xx_hal_dcmi.o ABSOLUTE
    ..\..\..\..\..\..\Drivers\STM32L4xx_HAL_Driver\Src\stm32l4xx_hal_dfsdm.c 0x00000000   Number         0  stm32l4xx_hal_dfsdm.o ABSOLUTE
    ..\..\..\..\..\..\Drivers\STM32L4xx_HAL_Driver\Src\stm32l4xx_hal_dfsdm_ex.c 0x00000000   Number         0  stm32l4xx_hal_dfsdm_ex.o ABSOLUTE
    ..\..\..\..\..\..\Drivers\STM32L4xx_HAL_Driver\Src\stm32l4xx_hal_dma.c 0x00000000   Number         0  stm32l4xx_hal_dma.o ABSOLUTE
    ..\..\..\..\..\..\Drivers\STM32L4xx_HAL_Driver\Src\stm32l4xx_hal_dma2d.c 0x00000000   Number         0  stm32l4xx_hal_dma2d.o ABSOLUTE
    ..\..\..\..\..\..\Drivers\STM32L4xx_HAL_Driver\Src\stm32l4xx_hal_dma_ex.c 0x00000000   Number         0  stm32l4xx_hal_dma_ex.o ABSOLUTE
    ..\..\..\..\..\..\Drivers\STM32L4xx_HAL_Driver\Src\stm32l4xx_hal_dsi.c 0x00000000   Number         0  stm32l4xx_hal_dsi.o ABSOLUTE
    ..\..\..\..\..\..\Drivers\STM32L4xx_HAL_Driver\Src\stm32l4xx_hal_firewall.c 0x00000000   Number         0  stm32l4xx_hal_firewall.o ABSOLUTE
    ..\..\..\..\..\..\Drivers\STM32L4xx_HAL_Driver\Src\stm32l4xx_hal_flash.c 0x00000000   Number         0  stm32l4xx_hal_flash.o ABSOLUTE
    ..\..\..\..\..\..\Drivers\STM32L4xx_HAL_Driver\Src\stm32l4xx_hal_flash_ex.c 0x00000000   Number         0  stm32l4xx_hal_flash_ex.o ABSOLUTE
    ..\..\..\..\..\..\Drivers\STM32L4xx_HAL_Driver\Src\stm32l4xx_hal_flash_ramfunc.c 0x00000000   Number         0  stm32l4xx_hal_flash_ramfunc.o ABSOLUTE
    ..\..\..\..\..\..\Drivers\STM32L4xx_HAL_Driver\Src\stm32l4xx_hal_gfxmmu.c 0x00000000   Number         0  stm32l4xx_hal_gfxmmu.o ABSOLUTE
    ..\..\..\..\..\..\Drivers\STM32L4xx_HAL_Driver\Src\stm32l4xx_hal_gpio.c 0x00000000   Number         0  stm32l4xx_hal_gpio.o ABSOLUTE
    ..\..\..\..\..\..\Drivers\STM32L4xx_HAL_Driver\Src\stm32l4xx_hal_hash.c 0x00000000   Number         0  stm32l4xx_hal_hash.o ABSOLUTE
    ..\..\..\..\..\..\Drivers\STM32L4xx_HAL_Driver\Src\stm32l4xx_hal_hash_ex.c 0x00000000   Number         0  stm32l4xx_hal_hash_ex.o ABSOLUTE
    ..\..\..\..\..\..\Drivers\STM32L4xx_HAL_Driver\Src\stm32l4xx_hal_hcd.c 0x00000000   Number         0  stm32l4xx_hal_hcd.o ABSOLUTE
    ..\..\..\..\..\..\Drivers\STM32L4xx_HAL_Driver\Src\stm32l4xx_hal_i2c.c 0x00000000   Number         0  stm32l4xx_hal_i2c.o ABSOLUTE
    ..\..\..\..\..\..\Drivers\STM32L4xx_HAL_Driver\Src\stm32l4xx_hal_i2c_ex.c 0x00000000   Number         0  stm32l4xx_hal_i2c_ex.o ABSOLUTE
    ..\..\..\..\..\..\Drivers\STM32L4xx_HAL_Driver\Src\stm32l4xx_hal_irda.c 0x00000000   Number         0  stm32l4xx_hal_irda.o ABSOLUTE
    ..\..\..\..\..\..\Drivers\STM32L4xx_HAL_Driver\Src\stm32l4xx_hal_iwdg.c 0x00000000   Number         0  stm32l4xx_hal_iwdg.o ABSOLUTE
    ..\..\..\..\..\..\Drivers\STM32L4xx_HAL_Driver\Src\stm32l4xx_hal_lcd.c 0x00000000   Number         0  stm32l4xx_hal_lcd.o ABSOLUTE
    ..\..\..\..\..\..\Drivers\STM32L4xx_HAL_Driver\Src\stm32l4xx_hal_lptim.c 0x00000000   Number         0  stm32l4xx_hal_lptim.o ABSOLUTE
    ..\..\..\..\..\..\Drivers\STM32L4xx_HAL_Driver\Src\stm32l4xx_hal_ltdc.c 0x00000000   Number         0  stm32l4xx_hal_ltdc.o ABSOLUTE
    ..\..\..\..\..\..\Drivers\STM32L4xx_HAL_Driver\Src\stm32l4xx_hal_ltdc_ex.c 0x00000000   Number         0  stm32l4xx_hal_ltdc_ex.o ABSOLUTE
    ..\..\..\..\..\..\Drivers\STM32L4xx_HAL_Driver\Src\stm32l4xx_hal_nand.c 0x00000000   Number         0  stm32l4xx_hal_nand.o ABSOLUTE
    ..\..\..\..\..\..\Drivers\STM32L4xx_HAL_Driver\Src\stm32l4xx_hal_nor.c 0x00000000   Number         0  stm32l4xx_hal_nor.o ABSOLUTE
    ..\..\..\..\..\..\Drivers\STM32L4xx_HAL_Driver\Src\stm32l4xx_hal_opamp.c 0x00000000   Number         0  stm32l4xx_hal_opamp.o ABSOLUTE
    ..\..\..\..\..\..\Drivers\STM32L4xx_HAL_Driver\Src\stm32l4xx_hal_opamp_ex.c 0x00000000   Number         0  stm32l4xx_hal_opamp_ex.o ABSOLUTE
    ..\..\..\..\..\..\Drivers\STM32L4xx_HAL_Driver\Src\stm32l4xx_hal_ospi.c 0x00000000   Number         0  stm32l4xx_hal_ospi.o ABSOLUTE
    ..\..\..\..\..\..\Drivers\STM32L4xx_HAL_Driver\Src\stm32l4xx_hal_pcd.c 0x00000000   Number         0  stm32l4xx_hal_pcd.o ABSOLUTE
    ..\..\..\..\..\..\Drivers\STM32L4xx_HAL_Driver\Src\stm32l4xx_hal_pcd_ex.c 0x00000000   Number         0  stm32l4xx_hal_pcd_ex.o ABSOLUTE
    ..\..\..\..\..\..\Drivers\STM32L4xx_HAL_Driver\Src\stm32l4xx_hal_pwr.c 0x00000000   Number         0  stm32l4xx_hal_pwr.o ABSOLUTE
    ..\..\..\..\..\..\Drivers\STM32L4xx_HAL_Driver\Src\stm32l4xx_hal_pwr_ex.c 0x00000000   Number         0  stm32l4xx_hal_pwr_ex.o ABSOLUTE
    ..\..\..\..\..\..\Drivers\STM32L4xx_HAL_Driver\Src\stm32l4xx_hal_qspi.c 0x00000000   Number         0  stm32l4xx_hal_qspi.o ABSOLUTE
    ..\..\..\..\..\..\Drivers\STM32L4xx_HAL_Driver\Src\stm32l4xx_hal_rcc.c 0x00000000   Number         0  stm32l4xx_hal_rcc.o ABSOLUTE
    ..\..\..\..\..\..\Drivers\STM32L4xx_HAL_Driver\Src\stm32l4xx_hal_rcc_ex.c 0x00000000   Number         0  stm32l4xx_hal_rcc_ex.o ABSOLUTE
    ..\..\..\..\..\..\Drivers\STM32L4xx_HAL_Driver\Src\stm32l4xx_hal_rng.c 0x00000000   Number         0  stm32l4xx_hal_rng.o ABSOLUTE
    ..\..\..\..\..\..\Drivers\STM32L4xx_HAL_Driver\Src\stm32l4xx_hal_rtc.c 0x00000000   Number         0  stm32l4xx_hal_rtc.o ABSOLUTE
    ..\..\..\..\..\..\Drivers\STM32L4xx_HAL_Driver\Src\stm32l4xx_hal_rtc_ex.c 0x00000000   Number         0  stm32l4xx_hal_rtc_ex.o ABSOLUTE
    ..\..\..\..\..\..\Drivers\STM32L4xx_HAL_Driver\Src\stm32l4xx_hal_sai.c 0x00000000   Number         0  stm32l4xx_hal_sai.o ABSOLUTE
    ..\..\..\..\..\..\Drivers\STM32L4xx_HAL_Driver\Src\stm32l4xx_hal_sai_ex.c 0x00000000   Number         0  stm32l4xx_hal_sai_ex.o ABSOLUTE
    ..\..\..\..\..\..\Drivers\STM32L4xx_HAL_Driver\Src\stm32l4xx_hal_sd.c 0x00000000   Number         0  stm32l4xx_hal_sd.o ABSOLUTE
    ..\..\..\..\..\..\Drivers\STM32L4xx_HAL_Driver\Src\stm32l4xx_hal_sd_ex.c 0x00000000   Number         0  stm32l4xx_hal_sd_ex.o ABSOLUTE
    ..\..\..\..\..\..\Drivers\STM32L4xx_HAL_Driver\Src\stm32l4xx_hal_smartcard.c 0x00000000   Number         0  stm32l4xx_hal_smartcard.o ABSOLUTE
    ..\..\..\..\..\..\Drivers\STM32L4xx_HAL_Driver\Src\stm32l4xx_hal_smartcard_ex.c 0x00000000   Number         0  stm32l4xx_hal_smartcard_ex.o ABSOLUTE
    ..\..\..\..\..\..\Drivers\STM32L4xx_HAL_Driver\Src\stm32l4xx_hal_smbus.c 0x00000000   Number         0  stm32l4xx_hal_smbus.o ABSOLUTE
    ..\..\..\..\..\..\Drivers\STM32L4xx_HAL_Driver\Src\stm32l4xx_hal_spi.c 0x00000000   Number         0  stm32l4xx_hal_spi.o ABSOLUTE
    ..\..\..\..\..\..\Drivers\STM32L4xx_HAL_Driver\Src\stm32l4xx_hal_spi_ex.c 0x00000000   Number         0  stm32l4xx_hal_spi_ex.o ABSOLUTE
    ..\..\..\..\..\..\Drivers\STM32L4xx_HAL_Driver\Src\stm32l4xx_hal_sram.c 0x00000000   Number         0  stm32l4xx_hal_sram.o ABSOLUTE
    ..\..\..\..\..\..\Drivers\STM32L4xx_HAL_Driver\Src\stm32l4xx_hal_swpmi.c 0x00000000   Number         0  stm32l4xx_hal_swpmi.o ABSOLUTE
    ..\..\..\..\..\..\Drivers\STM32L4xx_HAL_Driver\Src\stm32l4xx_hal_tim.c 0x00000000   Number         0  stm32l4xx_hal_tim.o ABSOLUTE
    ..\..\..\..\..\..\Drivers\STM32L4xx_HAL_Driver\Src\stm32l4xx_hal_tim_ex.c 0x00000000   Number         0  stm32l4xx_hal_tim_ex.o ABSOLUTE
    ..\..\..\..\..\..\Drivers\STM32L4xx_HAL_Driver\Src\stm32l4xx_hal_tsc.c 0x00000000   Number         0  stm32l4xx_hal_tsc.o ABSOLUTE
    ..\..\..\..\..\..\Drivers\STM32L4xx_HAL_Driver\Src\stm32l4xx_hal_uart.c 0x00000000   Number         0  stm32l4xx_hal_uart.o ABSOLUTE
    ..\..\..\..\..\..\Drivers\STM32L4xx_HAL_Driver\Src\stm32l4xx_hal_uart_ex.c 0x00000000   Number         0  stm32l4xx_hal_uart_ex.o ABSOLUTE
    ..\..\..\..\..\..\Drivers\STM32L4xx_HAL_Driver\Src\stm32l4xx_hal_usart.c 0x00000000   Number         0  stm32l4xx_hal_usart.o ABSOLUTE
    ..\..\..\..\..\..\Drivers\STM32L4xx_HAL_Driver\Src\stm32l4xx_hal_usart_ex.c 0x00000000   Number         0  stm32l4xx_hal_usart_ex.o ABSOLUTE
    ..\..\..\..\..\..\Drivers\STM32L4xx_HAL_Driver\Src\stm32l4xx_hal_wwdg.c 0x00000000   Number         0  stm32l4xx_hal_wwdg.o ABSOLUTE
    ..\..\..\..\..\..\Drivers\STM32L4xx_HAL_Driver\Src\stm32l4xx_ll_adc.c 0x00000000   Number         0  stm32l4xx_ll_adc.o ABSOLUTE
    ..\..\..\..\..\..\Drivers\STM32L4xx_HAL_Driver\Src\stm32l4xx_ll_comp.c 0x00000000   Number         0  stm32l4xx_ll_comp.o ABSOLUTE
    ..\..\..\..\..\..\Drivers\STM32L4xx_HAL_Driver\Src\stm32l4xx_ll_crc.c 0x00000000   Number         0  stm32l4xx_ll_crc.o ABSOLUTE
    ..\..\..\..\..\..\Drivers\STM32L4xx_HAL_Driver\Src\stm32l4xx_ll_crs.c 0x00000000   Number         0  stm32l4xx_ll_crs.o ABSOLUTE
    ..\..\..\..\..\..\Drivers\STM32L4xx_HAL_Driver\Src\stm32l4xx_ll_dac.c 0x00000000   Number         0  stm32l4xx_ll_dac.o ABSOLUTE
    ..\..\..\..\..\..\Drivers\STM32L4xx_HAL_Driver\Src\stm32l4xx_ll_dma.c 0x00000000   Number         0  stm32l4xx_ll_dma.o ABSOLUTE
    ..\..\..\..\..\..\Drivers\STM32L4xx_HAL_Driver\Src\stm32l4xx_ll_dma2d.c 0x00000000   Number         0  stm32l4xx_ll_dma2d.o ABSOLUTE
    ..\..\..\..\..\..\Drivers\STM32L4xx_HAL_Driver\Src\stm32l4xx_ll_exti.c 0x00000000   Number         0  stm32l4xx_ll_exti.o ABSOLUTE
    ..\..\..\..\..\..\Drivers\STM32L4xx_HAL_Driver\Src\stm32l4xx_ll_fmc.c 0x00000000   Number         0  stm32l4xx_ll_fmc.o ABSOLUTE
    ..\..\..\..\..\..\Drivers\STM32L4xx_HAL_Driver\Src\stm32l4xx_ll_gpio.c 0x00000000   Number         0  stm32l4xx_ll_gpio.o ABSOLUTE
    ..\..\..\..\..\..\Drivers\STM32L4xx_HAL_Driver\Src\stm32l4xx_ll_i2c.c 0x00000000   Number         0  stm32l4xx_ll_i2c.o ABSOLUTE
    ..\..\..\..\..\..\Drivers\STM32L4xx_HAL_Driver\Src\stm32l4xx_ll_lptim.c 0x00000000   Number         0  stm32l4xx_ll_lptim.o ABSOLUTE
    ..\..\..\..\..\..\Drivers\STM32L4xx_HAL_Driver\Src\stm32l4xx_ll_lpuart.c 0x00000000   Number         0  stm32l4xx_ll_lpuart.o ABSOLUTE
    ..\..\..\..\..\..\Drivers\STM32L4xx_HAL_Driver\Src\stm32l4xx_ll_opamp.c 0x00000000   Number         0  stm32l4xx_ll_opamp.o ABSOLUTE
    ..\..\..\..\..\..\Drivers\STM32L4xx_HAL_Driver\Src\stm32l4xx_ll_pwr.c 0x00000000   Number         0  stm32l4xx_ll_pwr.o ABSOLUTE
    ..\..\..\..\..\..\Drivers\STM32L4xx_HAL_Driver\Src\stm32l4xx_ll_rcc.c 0x00000000   Number         0  stm32l4xx_ll_rcc.o ABSOLUTE
    ..\..\..\..\..\..\Drivers\STM32L4xx_HAL_Driver\Src\stm32l4xx_ll_rng.c 0x00000000   Number         0  stm32l4xx_ll_rng.o ABSOLUTE
    ..\..\..\..\..\..\Drivers\STM32L4xx_HAL_Driver\Src\stm32l4xx_ll_rtc.c 0x00000000   Number         0  stm32l4xx_ll_rtc.o ABSOLUTE
    ..\..\..\..\..\..\Drivers\STM32L4xx_HAL_Driver\Src\stm32l4xx_ll_sdmmc.c 0x00000000   Number         0  stm32l4xx_ll_sdmmc.o ABSOLUTE
    ..\..\..\..\..\..\Drivers\STM32L4xx_HAL_Driver\Src\stm32l4xx_ll_spi.c 0x00000000   Number         0  stm32l4xx_ll_spi.o ABSOLUTE
    ..\..\..\..\..\..\Drivers\STM32L4xx_HAL_Driver\Src\stm32l4xx_ll_swpmi.c 0x00000000   Number         0  stm32l4xx_ll_swpmi.o ABSOLUTE
    ..\..\..\..\..\..\Drivers\STM32L4xx_HAL_Driver\Src\stm32l4xx_ll_tim.c 0x00000000   Number         0  stm32l4xx_ll_tim.o ABSOLUTE
    ..\..\..\..\..\..\Drivers\STM32L4xx_HAL_Driver\Src\stm32l4xx_ll_usart.c 0x00000000   Number         0  stm32l4xx_ll_usart.o ABSOLUTE
    ..\..\..\..\..\..\Drivers\STM32L4xx_HAL_Driver\Src\stm32l4xx_ll_usb.c 0x00000000   Number         0  stm32l4xx_ll_usb.o ABSOLUTE
    ..\..\..\..\..\..\Drivers\STM32L4xx_HAL_Driver\Src\stm32l4xx_ll_utils.c 0x00000000   Number         0  stm32l4xx_ll_utils.o ABSOLUTE
    ..\Src\main.c                            0x00000000   Number         0  main.o ABSOLUTE
    ..\Src\stm32l4xx_hal_msp.c               0x00000000   Number         0  stm32l4xx_hal_msp.o ABSOLUTE
    ..\Src\stm32l4xx_it.c                    0x00000000   Number         0  stm32l4xx_it.o ABSOLUTE
    ..\Src\system_stm32l4xx.c                0x00000000   Number         0  system_stm32l4xx.o ABSOLUTE
    ..\\..\\..\\..\\..\\..\\Drivers\\BSP\\Power_Pack\\p9221.c 0x00000000   Number         0  p9221.o ABSOLUTE
    ..\\..\\..\\..\\..\\..\\Drivers\\BSP\\Power_Pack\\power_pack.c 0x00000000   Number         0  power_pack.o ABSOLUTE
    ..\\..\\..\\..\\..\\..\\Drivers\\BSP\\Power_Pack\\smb1381.c 0x00000000   Number         0  smb1381.o ABSOLUTE
    ..\\..\\..\\..\\..\\..\\Drivers\\STM32L4xx_HAL_Driver\\Src\\stm32l4xx_hal_adc.c 0x00000000   Number         0  stm32l4xx_hal_adc.o ABSOLUTE
    ..\\..\\..\\..\\..\\..\\Drivers\\STM32L4xx_HAL_Driver\\Src\\stm32l4xx_hal_adc_ex.c 0x00000000   Number         0  stm32l4xx_hal_adc_ex.o ABSOLUTE
    ..\\..\\..\\..\\..\\..\\Drivers\\STM32L4xx_HAL_Driver\\Src\\stm32l4xx_hal_can.c 0x00000000   Number         0  stm32l4xx_hal_can.o ABSOLUTE
    ..\\..\\..\\..\\..\\..\\Drivers\\STM32L4xx_HAL_Driver\\Src\\stm32l4xx_hal_comp.c 0x00000000   Number         0  stm32l4xx_hal_comp.o ABSOLUTE
    ..\\..\\..\\..\\..\\..\\Drivers\\STM32L4xx_HAL_Driver\\Src\\stm32l4xx_hal_crc.c 0x00000000   Number         0  stm32l4xx_hal_crc.o ABSOLUTE
    ..\\..\\..\\..\\..\\..\\Drivers\\STM32L4xx_HAL_Driver\\Src\\stm32l4xx_hal_crc_ex.c 0x00000000   Number         0  stm32l4xx_hal_crc_ex.o ABSOLUTE
    ..\\..\\..\\..\\..\\..\\Drivers\\STM32L4xx_HAL_Driver\\Src\\stm32l4xx_hal_cryp.c 0x00000000   Number         0  stm32l4xx_hal_cryp.o ABSOLUTE
    ..\\..\\..\\..\\..\\..\\Drivers\\STM32L4xx_HAL_Driver\\Src\\stm32l4xx_hal_cryp_ex.c 0x00000000   Number         0  stm32l4xx_hal_cryp_ex.o ABSOLUTE
    ..\\..\\..\\..\\..\\..\\Drivers\\STM32L4xx_HAL_Driver\\Src\\stm32l4xx_hal_dcmi.c 0x00000000   Number         0  stm32l4xx_hal_dcmi.o ABSOLUTE
    ..\\..\\..\\..\\..\\..\\Drivers\\STM32L4xx_HAL_Driver\\Src\\stm32l4xx_hal_dfsdm.c 0x00000000   Number         0  stm32l4xx_hal_dfsdm.o ABSOLUTE
    ..\\..\\..\\..\\..\\..\\Drivers\\STM32L4xx_HAL_Driver\\Src\\stm32l4xx_hal_dfsdm_ex.c 0x00000000   Number         0  stm32l4xx_hal_dfsdm_ex.o ABSOLUTE
    ..\\..\\..\\..\\..\\..\\Drivers\\STM32L4xx_HAL_Driver\\Src\\stm32l4xx_hal_dma.c 0x00000000   Number         0  stm32l4xx_hal_dma.o ABSOLUTE
    ..\\..\\..\\..\\..\\..\\Drivers\\STM32L4xx_HAL_Driver\\Src\\stm32l4xx_hal_dma2d.c 0x00000000   Number         0  stm32l4xx_hal_dma2d.o ABSOLUTE
    ..\\..\\..\\..\\..\\..\\Drivers\\STM32L4xx_HAL_Driver\\Src\\stm32l4xx_hal_dma_ex.c 0x00000000   Number         0  stm32l4xx_hal_dma_ex.o ABSOLUTE
    ..\\..\\..\\..\\..\\..\\Drivers\\STM32L4xx_HAL_Driver\\Src\\stm32l4xx_hal_dsi.c 0x00000000   Number         0  stm32l4xx_hal_dsi.o ABSOLUTE
    ..\\..\\..\\..\\..\\..\\Drivers\\STM32L4xx_HAL_Driver\\Src\\stm32l4xx_hal_firewall.c 0x00000000   Number         0  stm32l4xx_hal_firewall.o ABSOLUTE
    ..\\..\\..\\..\\..\\..\\Drivers\\STM32L4xx_HAL_Driver\\Src\\stm32l4xx_hal_flash.c 0x00000000   Number         0  stm32l4xx_hal_flash.o ABSOLUTE
    ..\\..\\..\\..\\..\\..\\Drivers\\STM32L4xx_HAL_Driver\\Src\\stm32l4xx_hal_flash_ex.c 0x00000000   Number         0  stm32l4xx_hal_flash_ex.o ABSOLUTE
    ..\\..\\..\\..\\..\\..\\Drivers\\STM32L4xx_HAL_Driver\\Src\\stm32l4xx_hal_flash_ramfunc.c 0x00000000   Number         0  stm32l4xx_hal_flash_ramfunc.o ABSOLUTE
    ..\\..\\..\\..\\..\\..\\Drivers\\STM32L4xx_HAL_Driver\\Src\\stm32l4xx_hal_gfxmmu.c 0x00000000   Number         0  stm32l4xx_hal_gfxmmu.o ABSOLUTE
    ..\\..\\..\\..\\..\\..\\Drivers\\STM32L4xx_HAL_Driver\\Src\\stm32l4xx_hal_hash.c 0x00000000   Number         0  stm32l4xx_hal_hash.o ABSOLUTE
    ..\\..\\..\\..\\..\\..\\Drivers\\STM32L4xx_HAL_Driver\\Src\\stm32l4xx_hal_hash_ex.c 0x00000000   Number         0  stm32l4xx_hal_hash_ex.o ABSOLUTE
    ..\\..\\..\\..\\..\\..\\Drivers\\STM32L4xx_HAL_Driver\\Src\\stm32l4xx_hal_hcd.c 0x00000000   Number         0  stm32l4xx_hal_hcd.o ABSOLUTE
    ..\\..\\..\\..\\..\\..\\Drivers\\STM32L4xx_HAL_Driver\\Src\\stm32l4xx_hal_i2c.c 0x00000000   Number         0  stm32l4xx_hal_i2c.o ABSOLUTE
    ..\\..\\..\\..\\..\\..\\Drivers\\STM32L4xx_HAL_Driver\\Src\\stm32l4xx_hal_i2c_ex.c 0x00000000   Number         0  stm32l4xx_hal_i2c_ex.o ABSOLUTE
    ..\\..\\..\\..\\..\\..\\Drivers\\STM32L4xx_HAL_Driver\\Src\\stm32l4xx_hal_irda.c 0x00000000   Number         0  stm32l4xx_hal_irda.o ABSOLUTE
    ..\\..\\..\\..\\..\\..\\Drivers\\STM32L4xx_HAL_Driver\\Src\\stm32l4xx_hal_iwdg.c 0x00000000   Number         0  stm32l4xx_hal_iwdg.o ABSOLUTE
    ..\\..\\..\\..\\..\\..\\Drivers\\STM32L4xx_HAL_Driver\\Src\\stm32l4xx_hal_lcd.c 0x00000000   Number         0  stm32l4xx_hal_lcd.o ABSOLUTE
    ..\\..\\..\\..\\..\\..\\Drivers\\STM32L4xx_HAL_Driver\\Src\\stm32l4xx_hal_lptim.c 0x00000000   Number         0  stm32l4xx_hal_lptim.o ABSOLUTE
    ..\\..\\..\\..\\..\\..\\Drivers\\STM32L4xx_HAL_Driver\\Src\\stm32l4xx_hal_ltdc.c 0x00000000   Number         0  stm32l4xx_hal_ltdc.o ABSOLUTE
    ..\\..\\..\\..\\..\\..\\Drivers\\STM32L4xx_HAL_Driver\\Src\\stm32l4xx_hal_ltdc_ex.c 0x00000000   Number         0  stm32l4xx_hal_ltdc_ex.o ABSOLUTE
    ..\\..\\..\\..\\..\\..\\Drivers\\STM32L4xx_HAL_Driver\\Src\\stm32l4xx_hal_nand.c 0x00000000   Number         0  stm32l4xx_hal_nand.o ABSOLUTE
    ..\\..\\..\\..\\..\\..\\Drivers\\STM32L4xx_HAL_Driver\\Src\\stm32l4xx_hal_nor.c 0x00000000   Number         0  stm32l4xx_hal_nor.o ABSOLUTE
    ..\\..\\..\\..\\..\\..\\Drivers\\STM32L4xx_HAL_Driver\\Src\\stm32l4xx_hal_opamp.c 0x00000000   Number         0  stm32l4xx_hal_opamp.o ABSOLUTE
    ..\\..\\..\\..\\..\\..\\Drivers\\STM32L4xx_HAL_Driver\\Src\\stm32l4xx_hal_opamp_ex.c 0x00000000   Number         0  stm32l4xx_hal_opamp_ex.o ABSOLUTE
    ..\\..\\..\\..\\..\\..\\Drivers\\STM32L4xx_HAL_Driver\\Src\\stm32l4xx_hal_ospi.c 0x00000000   Number         0  stm32l4xx_hal_ospi.o ABSOLUTE
    ..\\..\\..\\..\\..\\..\\Drivers\\STM32L4xx_HAL_Driver\\Src\\stm32l4xx_hal_pcd.c 0x00000000   Number         0  stm32l4xx_hal_pcd.o ABSOLUTE
    ..\\..\\..\\..\\..\\..\\Drivers\\STM32L4xx_HAL_Driver\\Src\\stm32l4xx_hal_pcd_ex.c 0x00000000   Number         0  stm32l4xx_hal_pcd_ex.o ABSOLUTE
    ..\\..\\..\\..\\..\\..\\Drivers\\STM32L4xx_HAL_Driver\\Src\\stm32l4xx_hal_qspi.c 0x00000000   Number         0  stm32l4xx_hal_qspi.o ABSOLUTE
    ..\\..\\..\\..\\..\\..\\Drivers\\STM32L4xx_HAL_Driver\\Src\\stm32l4xx_hal_rcc_ex.c 0x00000000   Number         0  stm32l4xx_hal_rcc_ex.o ABSOLUTE
    ..\\..\\..\\..\\..\\..\\Drivers\\STM32L4xx_HAL_Driver\\Src\\stm32l4xx_hal_rng.c 0x00000000   Number         0  stm32l4xx_hal_rng.o ABSOLUTE
    ..\\..\\..\\..\\..\\..\\Drivers\\STM32L4xx_HAL_Driver\\Src\\stm32l4xx_hal_rtc.c 0x00000000   Number         0  stm32l4xx_hal_rtc.o ABSOLUTE
    ..\\..\\..\\..\\..\\..\\Drivers\\STM32L4xx_HAL_Driver\\Src\\stm32l4xx_hal_rtc_ex.c 0x00000000   Number         0  stm32l4xx_hal_rtc_ex.o ABSOLUTE
    ..\\..\\..\\..\\..\\..\\Drivers\\STM32L4xx_HAL_Driver\\Src\\stm32l4xx_hal_sai.c 0x00000000   Number         0  stm32l4xx_hal_sai.o ABSOLUTE
    ..\\..\\..\\..\\..\\..\\Drivers\\STM32L4xx_HAL_Driver\\Src\\stm32l4xx_hal_sai_ex.c 0x00000000   Number         0  stm32l4xx_hal_sai_ex.o ABSOLUTE
    ..\\..\\..\\..\\..\\..\\Drivers\\STM32L4xx_HAL_Driver\\Src\\stm32l4xx_hal_sd.c 0x00000000   Number         0  stm32l4xx_hal_sd.o ABSOLUTE
    ..\\..\\..\\..\\..\\..\\Drivers\\STM32L4xx_HAL_Driver\\Src\\stm32l4xx_hal_sd_ex.c 0x00000000   Number         0  stm32l4xx_hal_sd_ex.o ABSOLUTE
    ..\\..\\..\\..\\..\\..\\Drivers\\STM32L4xx_HAL_Driver\\Src\\stm32l4xx_hal_smartcard.c 0x00000000   Number         0  stm32l4xx_hal_smartcard.o ABSOLUTE
    ..\\..\\..\\..\\..\\..\\Drivers\\STM32L4xx_HAL_Driver\\Src\\stm32l4xx_hal_smartcard_ex.c 0x00000000   Number         0  stm32l4xx_hal_smartcard_ex.o ABSOLUTE
    ..\\..\\..\\..\\..\\..\\Drivers\\STM32L4xx_HAL_Driver\\Src\\stm32l4xx_hal_smbus.c 0x00000000   Number         0  stm32l4xx_hal_smbus.o ABSOLUTE
    ..\\..\\..\\..\\..\\..\\Drivers\\STM32L4xx_HAL_Driver\\Src\\stm32l4xx_hal_spi.c 0x00000000   Number         0  stm32l4xx_hal_spi.o ABSOLUTE
    ..\\..\\..\\..\\..\\..\\Drivers\\STM32L4xx_HAL_Driver\\Src\\stm32l4xx_hal_spi_ex.c 0x00000000   Number         0  stm32l4xx_hal_spi_ex.o ABSOLUTE
    ..\\..\\..\\..\\..\\..\\Drivers\\STM32L4xx_HAL_Driver\\Src\\stm32l4xx_hal_sram.c 0x00000000   Number         0  stm32l4xx_hal_sram.o ABSOLUTE
    ..\\..\\..\\..\\..\\..\\Drivers\\STM32L4xx_HAL_Driver\\Src\\stm32l4xx_hal_swpmi.c 0x00000000   Number         0  stm32l4xx_hal_swpmi.o ABSOLUTE
    ..\\..\\..\\..\\..\\..\\Drivers\\STM32L4xx_HAL_Driver\\Src\\stm32l4xx_hal_tim.c 0x00000000   Number         0  stm32l4xx_hal_tim.o ABSOLUTE
    ..\\..\\..\\..\\..\\..\\Drivers\\STM32L4xx_HAL_Driver\\Src\\stm32l4xx_hal_tim_ex.c 0x00000000   Number         0  stm32l4xx_hal_tim_ex.o ABSOLUTE
    ..\\..\\..\\..\\..\\..\\Drivers\\STM32L4xx_HAL_Driver\\Src\\stm32l4xx_hal_tsc.c 0x00000000   Number         0  stm32l4xx_hal_tsc.o ABSOLUTE
    ..\\..\\..\\..\\..\\..\\Drivers\\STM32L4xx_HAL_Driver\\Src\\stm32l4xx_hal_uart.c 0x00000000   Number         0  stm32l4xx_hal_uart.o ABSOLUTE
    ..\\..\\..\\..\\..\\..\\Drivers\\STM32L4xx_HAL_Driver\\Src\\stm32l4xx_hal_uart_ex.c 0x00000000   Number         0  stm32l4xx_hal_uart_ex.o ABSOLUTE
    ..\\..\\..\\..\\..\\..\\Drivers\\STM32L4xx_HAL_Driver\\Src\\stm32l4xx_hal_usart.c 0x00000000   Number         0  stm32l4xx_hal_usart.o ABSOLUTE
    ..\\..\\..\\..\\..\\..\\Drivers\\STM32L4xx_HAL_Driver\\Src\\stm32l4xx_hal_usart_ex.c 0x00000000   Number         0  stm32l4xx_hal_usart_ex.o ABSOLUTE
    ..\\..\\..\\..\\..\\..\\Drivers\\STM32L4xx_HAL_Driver\\Src\\stm32l4xx_hal_wwdg.c 0x00000000   Number         0  stm32l4xx_hal_wwdg.o ABSOLUTE
    ..\\..\\..\\..\\..\\..\\Drivers\\STM32L4xx_HAL_Driver\\Src\\stm32l4xx_ll_fmc.c 0x00000000   Number         0  stm32l4xx_ll_fmc.o ABSOLUTE
    ..\\..\\..\\..\\..\\..\\Drivers\\STM32L4xx_HAL_Driver\\Src\\stm32l4xx_ll_sdmmc.c 0x00000000   Number         0  stm32l4xx_ll_sdmmc.o ABSOLUTE
    ..\\..\\..\\..\\..\\..\\Drivers\\STM32L4xx_HAL_Driver\\Src\\stm32l4xx_ll_usb.c 0x00000000   Number         0  stm32l4xx_ll_usb.o ABSOLUTE
    ..\\..\\..\\..\\..\\..\\Drivers\\STM32L4xx_HAL_Driver\\Src\\stm32l4xx_ll_utils.c 0x00000000   Number         0  stm32l4xx_ll_utils.o ABSOLUTE
    ..\\Src\\stm32l4xx_hal_msp.c             0x00000000   Number         0  stm32l4xx_hal_msp.o ABSOLUTE
    dc.s                                     0x00000000   Number         0  dc.o ABSOLUTE
    handlers.s                               0x00000000   Number         0  handlers.o ABSOLUTE
    init.s                                   0x00000000   Number         0  init.o ABSOLUTE
    startup_stm32l431xx.s                    0x00000000   Number         0  startup_stm32l431xx.o ABSOLUTE
    RESET                                    0x08000000   Section      396  startup_stm32l431xx.o(RESET)
    .ARM.Collect$$$$00000000                 0x0800018c   Section        0  entry.o(.ARM.Collect$$$$00000000)
    .ARM.Collect$$$$00000001                 0x0800018c   Section        4  entry2.o(.ARM.Collect$$$$00000001)
    .ARM.Collect$$$$00000004                 0x08000190   Section        4  entry5.o(.ARM.Collect$$$$00000004)
    .ARM.Collect$$$$00000008                 0x08000194   Section        0  entry7b.o(.ARM.Collect$$$$00000008)
    .ARM.Collect$$$$0000000A                 0x08000194   Section        0  entry8b.o(.ARM.Collect$$$$0000000A)
    .ARM.Collect$$$$0000000B                 0x08000194   Section        8  entry9a.o(.ARM.Collect$$$$0000000B)
    .ARM.Collect$$$$0000000D                 0x0800019c   Section        0  entry10a.o(.ARM.Collect$$$$0000000D)
    .ARM.Collect$$$$0000000F                 0x0800019c   Section        0  entry11a.o(.ARM.Collect$$$$0000000F)
    .ARM.Collect$$$$00002712                 0x0800019c   Section        4  entry2.o(.ARM.Collect$$$$00002712)
    __lit__00000000                          0x0800019c   Data           4  entry2.o(.ARM.Collect$$$$00002712)
    .text                                    0x080001a0   Section       36  startup_stm32l431xx.o(.text)
    $v0                                      0x080001a0   Number         0  startup_stm32l431xx.o(.text)
    .text                                    0x080001c4   Section        0  uldiv.o(.text)
    .text                                    0x0800022c   Section        0  memseta.o(.text)
    .text                                    0x08000250   Section        0  llshl.o(.text)
    .text                                    0x0800026e   Section        0  llushr.o(.text)
    .text                                    0x08000290   Section       36  init.o(.text)
    i.ADC_ConversionStop                     0x080002b4   Section        0  stm32l4xx_hal_adc.o(i.ADC_ConversionStop)
    i.ADC_DMAConvCplt                        0x08000378   Section        0  stm32l4xx_hal_adc.o(i.ADC_DMAConvCplt)
    i.ADC_DMAError                           0x080003e0   Section        0  stm32l4xx_hal_adc.o(i.ADC_DMAError)
    i.ADC_DMAHalfConvCplt                    0x080003fa   Section        0  stm32l4xx_hal_adc.o(i.ADC_DMAHalfConvCplt)
    i.ADC_Data_Handle                        0x08000404   Section        0  main.o(i.ADC_Data_Handle)
    i.ADC_Disable                            0x08000438   Section        0  stm32l4xx_hal_adc.o(i.ADC_Disable)
    i.ADC_Enable                             0x080004a0   Section        0  stm32l4xx_hal_adc.o(i.ADC_Enable)
    i.BSP_ADC_Init                           0x08000538   Section        0  power_pack.o(i.BSP_ADC_Init)
    i.BSP_BOOST2PHONE                        0x08000610   Section        0  power_pack.o(i.BSP_BOOST2PHONE)
    i.BSP_EXIT15_10_IRQHandler_Config        0x0800065c   Section        0  power_pack.o(i.BSP_EXIT15_10_IRQHandler_Config)
    BSP_EXIT15_10_IRQHandler_Config          0x0800065d   Thumb Code   110  power_pack.o(i.BSP_EXIT15_10_IRQHandler_Config)
    i.BSP_I2C1_Init                          0x080006dc   Section        0  power_pack.o(i.BSP_I2C1_Init)
    i.BSP_I2C2_Error                         0x08000708   Section        0  power_pack.o(i.BSP_I2C2_Error)
    i.BSP_I2C2_Init                          0x0800071c   Section        0  power_pack.o(i.BSP_I2C2_Init)
    i.BSP_I2C2_Read                          0x08000748   Section        0  power_pack.o(i.BSP_I2C2_Read)
    i.BSP_I2C2_ReadBuffer                    0x08000780   Section        0  power_pack.o(i.BSP_I2C2_ReadBuffer)
    i.BSP_I2C2_Write                         0x080007ac   Section        0  power_pack.o(i.BSP_I2C2_Write)
    i.BSP_IO_Config                          0x080007dc   Section        0  power_pack.o(i.BSP_IO_Config)
    i.BSP_IO_DEFAULT                         0x08000870   Section        0  power_pack.o(i.BSP_IO_DEFAULT)
    i.BSP_LED_Init                           0x080008a0   Section        0  power_pack.o(i.BSP_LED_Init)
    i.BSP_LED_Light                          0x08000938   Section        0  power_pack.o(i.BSP_LED_Light)
    i.BSP_LED_Off                            0x08000998   Section        0  power_pack.o(i.BSP_LED_Off)
    i.BSP_LED_On                             0x080009b4   Section        0  power_pack.o(i.BSP_LED_On)
    i.BSP_LED_Toggle                         0x080009d0   Section        0  power_pack.o(i.BSP_LED_Toggle)
    i.BSP_OUTPUT_GPIO_Init                   0x080009e8   Section        0  power_pack.o(i.BSP_OUTPUT_GPIO_Init)
    i.BSP_POWER_PACK_Init                    0x08000a84   Section        0  power_pack.o(i.BSP_POWER_PACK_Init)
    i.BSP_SMB_Enable                         0x08000bbc   Section        0  smb1381.o(i.BSP_SMB_Enable)
    i.BSP_SMB_Get_ID                         0x08000bbe   Section        0  smb1381.o(i.BSP_SMB_Get_ID)
    i.BSP_SMB_Init                           0x08000bda   Section        0  smb1381.o(i.BSP_SMB_Init)
    i.BSP_UART3_Init                         0x08000c18   Section        0  power_pack.o(i.BSP_UART3_Init)
    i.BSP_USB2PHONE                          0x08000c48   Section        0  power_pack.o(i.BSP_USB2PHONE)
    i.BSP_USB2SMB                            0x08000c8a   Section        0  power_pack.o(i.BSP_USB2SMB)
    i.BSP_WLC2PHONE                          0x08000ccc   Section        0  power_pack.o(i.BSP_WLC2PHONE)
    i.BSP_WLC2SMB                            0x08000d0e   Section        0  power_pack.o(i.BSP_WLC2SMB)
    i.BusFault_Handler                       0x08000d50   Section        0  stm32l4xx_it.o(i.BusFault_Handler)
    i.DMA1_Channel1_IRQHandler               0x08000d54   Section        0  stm32l4xx_it.o(i.DMA1_Channel1_IRQHandler)
    i.DMA_SetConfig                          0x08000d60   Section        0  stm32l4xx_hal_dma.o(i.DMA_SetConfig)
    DMA_SetConfig                            0x08000d61   Thumb Code    42  stm32l4xx_hal_dma.o(i.DMA_SetConfig)
    i.DebugMon_Handler                       0x08000d8a   Section        0  stm32l4xx_it.o(i.DebugMon_Handler)
    i.EXTI0_IRQHandler                       0x08000d8c   Section        0  stm32l4xx_it.o(i.EXTI0_IRQHandler)
    i.EXTI15_10_IRQHandler                   0x08000d94   Section        0  stm32l4xx_it.o(i.EXTI15_10_IRQHandler)
    i.EXTI1_IRQHandler                       0x08000db4   Section        0  stm32l4xx_it.o(i.EXTI1_IRQHandler)
    i.EXTI2_IRQHandler                       0x08000dba   Section        0  stm32l4xx_it.o(i.EXTI2_IRQHandler)
    i.EXTI3_IRQHandler                       0x08000dc0   Section        0  stm32l4xx_it.o(i.EXTI3_IRQHandler)
    i.EXTI4_IRQHandler                       0x08000dc6   Section        0  stm32l4xx_it.o(i.EXTI4_IRQHandler)
    i.HAL_ADCEx_Calibration_Start            0x08000dcc   Section        0  stm32l4xx_hal_adc_ex.o(i.HAL_ADCEx_Calibration_Start)
    i.HAL_ADC_ConfigChannel                  0x08000e54   Section        0  stm32l4xx_hal_adc.o(i.HAL_ADC_ConfigChannel)
    i.HAL_ADC_ConvCpltCallback               0x08001260   Section        0  stm32l4xx_hal_adc.o(i.HAL_ADC_ConvCpltCallback)
    i.HAL_ADC_ConvHalfCpltCallback           0x08001262   Section        0  stm32l4xx_hal_adc.o(i.HAL_ADC_ConvHalfCpltCallback)
    i.HAL_ADC_DeInit                         0x08001264   Section        0  stm32l4xx_hal_adc.o(i.HAL_ADC_DeInit)
    i.HAL_ADC_ErrorCallback                  0x080013d0   Section        0  stm32l4xx_hal_adc.o(i.HAL_ADC_ErrorCallback)
    i.HAL_ADC_Init                           0x080013d4   Section        0  stm32l4xx_hal_adc.o(i.HAL_ADC_Init)
    i.HAL_ADC_MspDeInit                      0x08001570   Section        0  stm32l4xx_hal_msp.o(i.HAL_ADC_MspDeInit)
    i.HAL_ADC_MspInit                        0x08001598   Section        0  stm32l4xx_hal_msp.o(i.HAL_ADC_MspInit)
    i.HAL_ADC_Start_DMA                      0x08001644   Section        0  stm32l4xx_hal_adc.o(i.HAL_ADC_Start_DMA)
    i.HAL_DMA_DeInit                         0x08001708   Section        0  stm32l4xx_hal_dma.o(i.HAL_DMA_DeInit)
    i.HAL_DMA_IRQHandler                     0x08001794   Section        0  stm32l4xx_hal_dma.o(i.HAL_DMA_IRQHandler)
    i.HAL_DMA_Init                           0x0800183c   Section        0  stm32l4xx_hal_dma.o(i.HAL_DMA_Init)
    i.HAL_DMA_Start_IT                       0x080018fc   Section        0  stm32l4xx_hal_dma.o(i.HAL_DMA_Start_IT)
    i.HAL_GPIO_DeInit                        0x0800196c   Section        0  stm32l4xx_hal_gpio.o(i.HAL_GPIO_DeInit)
    i.HAL_GPIO_EXTI_Callback                 0x08001a90   Section        0  main.o(i.HAL_GPIO_EXTI_Callback)
    i.HAL_GPIO_EXTI_IRQHandler               0x08001b24   Section        0  stm32l4xx_hal_gpio.o(i.HAL_GPIO_EXTI_IRQHandler)
    i.HAL_GPIO_Init                          0x08001b3c   Section        0  stm32l4xx_hal_gpio.o(i.HAL_GPIO_Init)
    i.HAL_GPIO_TogglePin                     0x08001cca   Section        0  stm32l4xx_hal_gpio.o(i.HAL_GPIO_TogglePin)
    i.HAL_GPIO_WritePin                      0x08001cd2   Section        0  stm32l4xx_hal_gpio.o(i.HAL_GPIO_WritePin)
    i.HAL_GetTick                            0x08001cdc   Section        0  stm32l4xx_hal.o(i.HAL_GetTick)
    i.HAL_I2C_DeInit                         0x08001ce8   Section        0  stm32l4xx_hal_i2c.o(i.HAL_I2C_DeInit)
    i.HAL_I2C_Init                           0x08001d1c   Section        0  stm32l4xx_hal_i2c.o(i.HAL_I2C_Init)
    i.HAL_I2C_Mem_Read                       0x08001dd4   Section        0  stm32l4xx_hal_i2c.o(i.HAL_I2C_Mem_Read)
    i.HAL_I2C_Mem_Write                      0x08001f4c   Section        0  stm32l4xx_hal_i2c.o(i.HAL_I2C_Mem_Write)
    i.HAL_I2C_MspDeInit                      0x080020bc   Section        0  stm32l4xx_hal_msp.o(i.HAL_I2C_MspDeInit)
    i.HAL_I2C_MspInit                        0x08002124   Section        0  stm32l4xx_hal_msp.o(i.HAL_I2C_MspInit)
    i.HAL_IncTick                            0x080021fc   Section        0  stm32l4xx_hal.o(i.HAL_IncTick)
    i.HAL_Init                               0x0800220c   Section        0  stm32l4xx_hal.o(i.HAL_Init)
    i.HAL_InitTick                           0x08002224   Section        0  stm32l4xx_hal.o(i.HAL_InitTick)
    i.HAL_MspInit                            0x0800224c   Section        0  stm32l4xx_hal.o(i.HAL_MspInit)
    i.HAL_NVIC_DisableIRQ                    0x0800224e   Section        0  stm32l4xx_hal_cortex.o(i.HAL_NVIC_DisableIRQ)
    i.HAL_NVIC_EnableIRQ                     0x08002264   Section        0  stm32l4xx_hal_cortex.o(i.HAL_NVIC_EnableIRQ)
    i.HAL_NVIC_SetPriority                   0x0800227c   Section        0  stm32l4xx_hal_cortex.o(i.HAL_NVIC_SetPriority)
    i.HAL_NVIC_SetPriorityGrouping           0x080022bc   Section        0  stm32l4xx_hal_cortex.o(i.HAL_NVIC_SetPriorityGrouping)
    i.HAL_PWREx_GetVoltageRange              0x080022e0   Section        0  stm32l4xx_hal_pwr_ex.o(i.HAL_PWREx_GetVoltageRange)
    i.HAL_RCCEx_PeriphCLKConfig              0x080022f0   Section        0  stm32l4xx_hal_rcc_ex.o(i.HAL_RCCEx_PeriphCLKConfig)
    i.HAL_RCC_ClockConfig                    0x080025ac   Section        0  stm32l4xx_hal_rcc.o(i.HAL_RCC_ClockConfig)
    i.HAL_RCC_GetPCLK1Freq                   0x08002724   Section        0  stm32l4xx_hal_rcc.o(i.HAL_RCC_GetPCLK1Freq)
    i.HAL_RCC_GetPCLK2Freq                   0x08002744   Section        0  stm32l4xx_hal_rcc.o(i.HAL_RCC_GetPCLK2Freq)
    i.HAL_RCC_GetSysClockFreq                0x08002764   Section        0  stm32l4xx_hal_rcc.o(i.HAL_RCC_GetSysClockFreq)
    i.HAL_RCC_OscConfig                      0x08002828   Section        0  stm32l4xx_hal_rcc.o(i.HAL_RCC_OscConfig)
    i.HAL_SYSTICK_Config                     0x08002cd8   Section        0  stm32l4xx_hal_cortex.o(i.HAL_SYSTICK_Config)
    i.HAL_UART_DeInit                        0x08002d00   Section        0  stm32l4xx_hal_uart.o(i.HAL_UART_DeInit)
    i.HAL_UART_Init                          0x08002d40   Section        0  stm32l4xx_hal_uart.o(i.HAL_UART_Init)
    i.HAL_UART_MspDeInit                     0x08002dac   Section        0  stm32l4xx_hal_msp.o(i.HAL_UART_MspDeInit)
    i.HAL_UART_MspInit                       0x08002df4   Section        0  stm32l4xx_hal_msp.o(i.HAL_UART_MspInit)
    i.HardFault_Handler                      0x08002e90   Section        0  stm32l4xx_it.o(i.HardFault_Handler)
    i.I2C_Flush_TXDR                         0x08002e92   Section        0  stm32l4xx_hal_i2c.o(i.I2C_Flush_TXDR)
    I2C_Flush_TXDR                           0x08002e93   Thumb Code    34  stm32l4xx_hal_i2c.o(i.I2C_Flush_TXDR)
    i.I2C_IsAcknowledgeFailed                0x08002eb4   Section        0  stm32l4xx_hal_i2c.o(i.I2C_IsAcknowledgeFailed)
    I2C_IsAcknowledgeFailed                  0x08002eb5   Thumb Code   118  stm32l4xx_hal_i2c.o(i.I2C_IsAcknowledgeFailed)
    i.I2C_RequestMemoryRead                  0x08002f30   Section        0  stm32l4xx_hal_i2c.o(i.I2C_RequestMemoryRead)
    I2C_RequestMemoryRead                    0x08002f31   Thumb Code   108  stm32l4xx_hal_i2c.o(i.I2C_RequestMemoryRead)
    i.I2C_RequestMemoryWrite                 0x08002fa0   Section        0  stm32l4xx_hal_i2c.o(i.I2C_RequestMemoryWrite)
    I2C_RequestMemoryWrite                   0x08002fa1   Thumb Code   108  stm32l4xx_hal_i2c.o(i.I2C_RequestMemoryWrite)
    i.I2C_TransferConfig                     0x08003010   Section        0  stm32l4xx_hal_i2c.o(i.I2C_TransferConfig)
    I2C_TransferConfig                       0x08003011   Thumb Code    40  stm32l4xx_hal_i2c.o(i.I2C_TransferConfig)
    i.I2C_WaitOnFlagUntilTimeout             0x0800303c   Section        0  stm32l4xx_hal_i2c.o(i.I2C_WaitOnFlagUntilTimeout)
    I2C_WaitOnFlagUntilTimeout               0x0800303d   Thumb Code    82  stm32l4xx_hal_i2c.o(i.I2C_WaitOnFlagUntilTimeout)
    i.I2C_WaitOnSTOPFlagUntilTimeout         0x0800308e   Section        0  stm32l4xx_hal_i2c.o(i.I2C_WaitOnSTOPFlagUntilTimeout)
    I2C_WaitOnSTOPFlagUntilTimeout           0x0800308f   Thumb Code    78  stm32l4xx_hal_i2c.o(i.I2C_WaitOnSTOPFlagUntilTimeout)
    i.I2C_WaitOnTXISFlagUntilTimeout         0x080030dc   Section        0  stm32l4xx_hal_i2c.o(i.I2C_WaitOnTXISFlagUntilTimeout)
    I2C_WaitOnTXISFlagUntilTimeout           0x080030dd   Thumb Code    82  stm32l4xx_hal_i2c.o(i.I2C_WaitOnTXISFlagUntilTimeout)
    i.LL_ADC_GetOffsetChannel                0x0800312e   Section        0  stm32l4xx_hal_adc.o(i.LL_ADC_GetOffsetChannel)
    LL_ADC_GetOffsetChannel                  0x0800312f   Thumb Code    12  stm32l4xx_hal_adc.o(i.LL_ADC_GetOffsetChannel)
    i.LL_ADC_REG_IsConversionOngoing         0x0800313a   Section        0  stm32l4xx_hal_adc.o(i.LL_ADC_REG_IsConversionOngoing)
    LL_ADC_REG_IsConversionOngoing           0x0800313b   Thumb Code     8  stm32l4xx_hal_adc.o(i.LL_ADC_REG_IsConversionOngoing)
    i.LL_ADC_SetChannelSamplingTime          0x08003142   Section        0  stm32l4xx_hal_adc.o(i.LL_ADC_SetChannelSamplingTime)
    LL_ADC_SetChannelSamplingTime            0x08003143   Thumb Code    70  stm32l4xx_hal_adc.o(i.LL_ADC_SetChannelSamplingTime)
    i.LL_ADC_SetOffsetState                  0x08003188   Section        0  stm32l4xx_hal_adc.o(i.LL_ADC_SetOffsetState)
    LL_ADC_SetOffsetState                    0x08003189   Thumb Code    16  stm32l4xx_hal_adc.o(i.LL_ADC_SetOffsetState)
    i.MemManage_Handler                      0x08003198   Section        0  stm32l4xx_it.o(i.MemManage_Handler)
    i.NMI_Handler                            0x0800319a   Section        0  stm32l4xx_it.o(i.NMI_Handler)
    i.NVIC_SetPriority                       0x0800319c   Section        0  stm32l4xx_hal_cortex.o(i.NVIC_SetPriority)
    NVIC_SetPriority                         0x0800319d   Thumb Code    32  stm32l4xx_hal_cortex.o(i.NVIC_SetPriority)
    i.PendSV_Handler                         0x080031bc   Section        0  stm32l4xx_it.o(i.PendSV_Handler)
    i.RCCEx_PLLSAI1_Config                   0x080031c0   Section        0  stm32l4xx_hal_rcc_ex.o(i.RCCEx_PLLSAI1_Config)
    RCCEx_PLLSAI1_Config                     0x080031c1   Thumb Code   278  stm32l4xx_hal_rcc_ex.o(i.RCCEx_PLLSAI1_Config)
    i.RCC_SetFlashLatencyFromMSIRange        0x080032ec   Section        0  stm32l4xx_hal_rcc.o(i.RCC_SetFlashLatencyFromMSIRange)
    RCC_SetFlashLatencyFromMSIRange          0x080032ed   Thumb Code   116  stm32l4xx_hal_rcc.o(i.RCC_SetFlashLatencyFromMSIRange)
    i.SVC_Handler                            0x08003368   Section        0  stm32l4xx_it.o(i.SVC_Handler)
    i.SysTick_Handler                        0x0800336a   Section        0  stm32l4xx_it.o(i.SysTick_Handler)
    i.SystemClock_Config                     0x0800336e   Section        0  main.o(i.SystemClock_Config)
    i.SystemInit                             0x080033d4   Section        0  system_stm32l4xx.o(i.SystemInit)
    i.UART_AdvFeatureConfig                  0x08003418   Section        0  stm32l4xx_hal_uart.o(i.UART_AdvFeatureConfig)
    i.UART_CheckIdleState                    0x080034e0   Section        0  stm32l4xx_hal_uart.o(i.UART_CheckIdleState)
    i.UART_SetConfig                         0x0800353c   Section        0  stm32l4xx_hal_uart.o(i.UART_SetConfig)
    i.UART_WaitOnFlagUntilTimeout            0x08003790   Section        0  stm32l4xx_hal_uart.o(i.UART_WaitOnFlagUntilTimeout)
    i.UsageFault_Handler                     0x080037f4   Section        0  stm32l4xx_it.o(i.UsageFault_Handler)
    i.__scatterload_copy                     0x080037f6   Section       14  handlers.o(i.__scatterload_copy)
    i.__scatterload_null                     0x08003804   Section        2  handlers.o(i.__scatterload_null)
    i.__scatterload_zeroinit                 0x08003806   Section       14  handlers.o(i.__scatterload_zeroinit)
    i.main                                   0x08003814   Section        0  main.o(i.main)
    .constdata                               0x0800383c   Section       64  system_stm32l4xx.o(.constdata)
    .constdata                               0x0800387c   Section        8  system_stm32l4xx.o(.constdata)
    .constdata                               0x08003884   Section        8  power_pack.o(.constdata)
    .data                                    0x20000000   Section       28  main.o(.data)
    .data                                    0x2000001c   Section        4  stm32l4xx_hal.o(.data)
    .data                                    0x20000020   Section        4  system_stm32l4xx.o(.data)
    .data                                    0x20000024   Section       24  power_pack.o(.data)
    .bss                                     0x2000003c   Section      104  main.o(.bss)
    .bss                                     0x200000a4   Section       72  stm32l4xx_hal_msp.o(.bss)
    DmaHandle                                0x200000a4   Data          72  stm32l4xx_hal_msp.o(.bss)
    .bss                                     0x200000ec   Section      152  power_pack.o(.bss)
    STACK                                    0x20000188   Section     1024  startup_stm32l431xx.o(STACK)

    Global Symbols

    Symbol Name                              Value     Ov Type        Size  Object(Section)

    BuildAttributes$$THM_ISAv4$E$P$D$K$B$S$7EM$VFPi3$EXTD16$VFPS$VFMA$PE$A:L22UL41UL21$X:L11$S22US41US21$IEEE1$IW$USESV6$~STKCKD$USESV7$~SHL$OSPACE$EBA8$MICROLIB$REQ8$PRES8$EABIv2 0x00000000   Number         0  anon$$obj.o ABSOLUTE
    __ARM_use_no_argv                        0x00000000   Number         0  main.o ABSOLUTE
    __cpp_initialize__aeabi_                  - Undefined Weak Reference
    __cxa_finalize                            - Undefined Weak Reference
    __decompress                              - Undefined Weak Reference
    _clock_init                               - Undefined Weak Reference
    _microlib_exit                            - Undefined Weak Reference
    __Vectors_Size                           0x0000018c   Number         0  startup_stm32l431xx.o ABSOLUTE
    __Vectors                                0x08000000   Data           4  startup_stm32l431xx.o(RESET)
    __Vectors_End                            0x0800018c   Data           0  startup_stm32l431xx.o(RESET)
    __main                                   0x0800018d   Thumb Code     0  entry.o(.ARM.Collect$$$$00000000)
    _main_stk                                0x0800018d   Thumb Code     0  entry2.o(.ARM.Collect$$$$00000001)
    _main_scatterload                        0x08000191   Thumb Code     0  entry5.o(.ARM.Collect$$$$00000004)
    __main_after_scatterload                 0x08000195   Thumb Code     0  entry5.o(.ARM.Collect$$$$00000004)
    _main_clock                              0x08000195   Thumb Code     0  entry7b.o(.ARM.Collect$$$$00000008)
    _main_cpp_init                           0x08000195   Thumb Code     0  entry8b.o(.ARM.Collect$$$$0000000A)
    _main_init                               0x08000195   Thumb Code     0  entry9a.o(.ARM.Collect$$$$0000000B)
    __rt_final_cpp                           0x0800019d   Thumb Code     0  entry10a.o(.ARM.Collect$$$$0000000D)
    __rt_final_exit                          0x0800019d   Thumb Code     0  entry11a.o(.ARM.Collect$$$$0000000F)
    Reset_Handler                            0x080001a1   Thumb Code     8  startup_stm32l431xx.o(.text)
    ADC1_IRQHandler                          0x080001bb   Thumb Code     0  startup_stm32l431xx.o(.text)
    CAN1_RX0_IRQHandler                      0x080001bb   Thumb Code     0  startup_stm32l431xx.o(.text)
    CAN1_RX1_IRQHandler                      0x080001bb   Thumb Code     0  startup_stm32l431xx.o(.text)
    CAN1_SCE_IRQHandler                      0x080001bb   Thumb Code     0  startup_stm32l431xx.o(.text)
    CAN1_TX_IRQHandler                       0x080001bb   Thumb Code     0  startup_stm32l431xx.o(.text)
    COMP_IRQHandler                          0x080001bb   Thumb Code     0  startup_stm32l431xx.o(.text)
    CRS_IRQHandler                           0x080001bb   Thumb Code     0  startup_stm32l431xx.o(.text)
    DMA1_Channel2_IRQHandler                 0x080001bb   Thumb Code     0  startup_stm32l431xx.o(.text)
    DMA1_Channel3_IRQHandler                 0x080001bb   Thumb Code     0  startup_stm32l431xx.o(.text)
    DMA1_Channel4_IRQHandler                 0x080001bb   Thumb Code     0  startup_stm32l431xx.o(.text)
    DMA1_Channel5_IRQHandler                 0x080001bb   Thumb Code     0  startup_stm32l431xx.o(.text)
    DMA1_Channel6_IRQHandler                 0x080001bb   Thumb Code     0  startup_stm32l431xx.o(.text)
    DMA1_Channel7_IRQHandler                 0x080001bb   Thumb Code     0  startup_stm32l431xx.o(.text)
    DMA2_Channel1_IRQHandler                 0x080001bb   Thumb Code     0  startup_stm32l431xx.o(.text)
    DMA2_Channel2_IRQHandler                 0x080001bb   Thumb Code     0  startup_stm32l431xx.o(.text)
    DMA2_Channel3_IRQHandler                 0x080001bb   Thumb Code     0  startup_stm32l431xx.o(.text)
    DMA2_Channel4_IRQHandler                 0x080001bb   Thumb Code     0  startup_stm32l431xx.o(.text)
    DMA2_Channel5_IRQHandler                 0x080001bb   Thumb Code     0  startup_stm32l431xx.o(.text)
    DMA2_Channel6_IRQHandler                 0x080001bb   Thumb Code     0  startup_stm32l431xx.o(.text)
    DMA2_Channel7_IRQHandler                 0x080001bb   Thumb Code     0  startup_stm32l431xx.o(.text)
    EXTI9_5_IRQHandler                       0x080001bb   Thumb Code     0  startup_stm32l431xx.o(.text)
    FLASH_IRQHandler                         0x080001bb   Thumb Code     0  startup_stm32l431xx.o(.text)
    FPU_IRQHandler                           0x080001bb   Thumb Code     0  startup_stm32l431xx.o(.text)
    I2C1_ER_IRQHandler                       0x080001bb   Thumb Code     0  startup_stm32l431xx.o(.text)
    I2C1_EV_IRQHandler                       0x080001bb   Thumb Code     0  startup_stm32l431xx.o(.text)
    I2C2_ER_IRQHandler                       0x080001bb   Thumb Code     0  startup_stm32l431xx.o(.text)
    I2C2_EV_IRQHandler                       0x080001bb   Thumb Code     0  startup_stm32l431xx.o(.text)
    I2C3_ER_IRQHandler                       0x080001bb   Thumb Code     0  startup_stm32l431xx.o(.text)
    I2C3_EV_IRQHandler                       0x080001bb   Thumb Code     0  startup_stm32l431xx.o(.text)
    LPTIM1_IRQHandler                        0x080001bb   Thumb Code     0  startup_stm32l431xx.o(.text)
    LPTIM2_IRQHandler                        0x080001bb   Thumb Code     0  startup_stm32l431xx.o(.text)
    LPUART1_IRQHandler                       0x080001bb   Thumb Code     0  startup_stm32l431xx.o(.text)
    PVD_PVM_IRQHandler                       0x080001bb   Thumb Code     0  startup_stm32l431xx.o(.text)
    QUADSPI_IRQHandler                       0x080001bb   Thumb Code     0  startup_stm32l431xx.o(.text)
    RCC_IRQHandler                           0x080001bb   Thumb Code     0  startup_stm32l431xx.o(.text)
    RNG_IRQHandler                           0x080001bb   Thumb Code     0  startup_stm32l431xx.o(.text)
    RTC_Alarm_IRQHandler                     0x080001bb   Thumb Code     0  startup_stm32l431xx.o(.text)
    RTC_WKUP_IRQHandler                      0x080001bb   Thumb Code     0  startup_stm32l431xx.o(.text)
    SAI1_IRQHandler                          0x080001bb   Thumb Code     0  startup_stm32l431xx.o(.text)
    SDMMC1_IRQHandler                        0x080001bb   Thumb Code     0  startup_stm32l431xx.o(.text)
    SPI1_IRQHandler                          0x080001bb   Thumb Code     0  startup_stm32l431xx.o(.text)
    SPI2_IRQHandler                          0x080001bb   Thumb Code     0  startup_stm32l431xx.o(.text)
    SPI3_IRQHandler                          0x080001bb   Thumb Code     0  startup_stm32l431xx.o(.text)
    SWPMI1_IRQHandler                        0x080001bb   Thumb Code     0  startup_stm32l431xx.o(.text)
    TAMP_STAMP_IRQHandler                    0x080001bb   Thumb Code     0  startup_stm32l431xx.o(.text)
    TIM1_BRK_TIM15_IRQHandler                0x080001bb   Thumb Code     0  startup_stm32l431xx.o(.text)
    TIM1_CC_IRQHandler                       0x080001bb   Thumb Code     0  startup_stm32l431xx.o(.text)
    TIM1_TRG_COM_IRQHandler                  0x080001bb   Thumb Code     0  startup_stm32l431xx.o(.text)
    TIM1_UP_TIM16_IRQHandler                 0x080001bb   Thumb Code     0  startup_stm32l431xx.o(.text)
    TIM2_IRQHandler                          0x080001bb   Thumb Code     0  startup_stm32l431xx.o(.text)
    TIM6_DAC_IRQHandler                      0x080001bb   Thumb Code     0  startup_stm32l431xx.o(.text)
    TIM7_IRQHandler                          0x080001bb   Thumb Code     0  startup_stm32l431xx.o(.text)
    TSC_IRQHandler                           0x080001bb   Thumb Code     0  startup_stm32l431xx.o(.text)
    USART1_IRQHandler                        0x080001bb   Thumb Code     0  startup_stm32l431xx.o(.text)
    USART2_IRQHandler                        0x080001bb   Thumb Code     0  startup_stm32l431xx.o(.text)
    USART3_IRQHandler                        0x080001bb   Thumb Code     0  startup_stm32l431xx.o(.text)
    WWDG_IRQHandler                          0x080001bb   Thumb Code     0  startup_stm32l431xx.o(.text)
    __aeabi_uldivmod                         0x080001c5   Thumb Code    98  uldiv.o(.text)
    __aeabi_memset                           0x0800022d   Thumb Code    14  memseta.o(.text)
    __aeabi_memset4                          0x0800022d   Thumb Code     0  memseta.o(.text)
    __aeabi_memset8                          0x0800022d   Thumb Code     0  memseta.o(.text)
    __aeabi_memclr                           0x0800023b   Thumb Code     4  memseta.o(.text)
    __aeabi_memclr4                          0x0800023b   Thumb Code     0  memseta.o(.text)
    __aeabi_memclr8                          0x0800023b   Thumb Code     0  memseta.o(.text)
    _memset$wrapper                          0x0800023f   Thumb Code    18  memseta.o(.text)
    __aeabi_llsl                             0x08000251   Thumb Code    30  llshl.o(.text)
    _ll_shift_l                              0x08000251   Thumb Code     0  llshl.o(.text)
    __aeabi_llsr                             0x0800026f   Thumb Code    32  llushr.o(.text)
    _ll_ushift_r                             0x0800026f   Thumb Code     0  llushr.o(.text)
    __scatterload                            0x08000291   Thumb Code    28  init.o(.text)
    __scatterload_rt2                        0x08000291   Thumb Code     0  init.o(.text)
    ADC_ConversionStop                       0x080002b5   Thumb Code   186  stm32l4xx_hal_adc.o(i.ADC_ConversionStop)
    ADC_DMAConvCplt                          0x08000379   Thumb Code   104  stm32l4xx_hal_adc.o(i.ADC_DMAConvCplt)
    ADC_DMAError                             0x080003e1   Thumb Code    26  stm32l4xx_hal_adc.o(i.ADC_DMAError)
    ADC_DMAHalfConvCplt                      0x080003fb   Thumb Code    10  stm32l4xx_hal_adc.o(i.ADC_DMAHalfConvCplt)
    ADC_Data_Handle                          0x08000405   Thumb Code    44  main.o(i.ADC_Data_Handle)
    ADC_Disable                              0x08000439   Thumb Code    98  stm32l4xx_hal_adc.o(i.ADC_Disable)
    ADC_Enable                               0x080004a1   Thumb Code   138  stm32l4xx_hal_adc.o(i.ADC_Enable)
    BSP_ADC_Init                             0x08000539   Thumb Code   192  power_pack.o(i.BSP_ADC_Init)
    BSP_BOOST2PHONE                          0x08000611   Thumb Code    74  power_pack.o(i.BSP_BOOST2PHONE)
    BSP_I2C1_Init                            0x080006dd   Thumb Code    32  power_pack.o(i.BSP_I2C1_Init)
    BSP_I2C2_Error                           0x08000709   Thumb Code    16  power_pack.o(i.BSP_I2C2_Error)
    BSP_I2C2_Init                            0x0800071d   Thumb Code    32  power_pack.o(i.BSP_I2C2_Init)
    BSP_I2C2_Read                            0x08000749   Thumb Code    46  power_pack.o(i.BSP_I2C2_Read)
    BSP_I2C2_ReadBuffer                      0x08000781   Thumb Code    36  power_pack.o(i.BSP_I2C2_ReadBuffer)
    BSP_I2C2_Write                           0x080007ad   Thumb Code    40  power_pack.o(i.BSP_I2C2_Write)
    BSP_IO_Config                            0x080007dd   Thumb Code   144  power_pack.o(i.BSP_IO_Config)
    BSP_IO_DEFAULT                           0x08000871   Thumb Code    48  power_pack.o(i.BSP_IO_DEFAULT)
    BSP_LED_Init                             0x080008a1   Thumb Code   138  power_pack.o(i.BSP_LED_Init)
    BSP_LED_Light                            0x08000939   Thumb Code    96  power_pack.o(i.BSP_LED_Light)
    BSP_LED_Off                              0x08000999   Thumb Code    18  power_pack.o(i.BSP_LED_Off)
    BSP_LED_On                               0x080009b5   Thumb Code    18  power_pack.o(i.BSP_LED_On)
    BSP_LED_Toggle                           0x080009d1   Thumb Code    16  power_pack.o(i.BSP_LED_Toggle)
    BSP_OUTPUT_GPIO_Init                     0x080009e9   Thumb Code   138  power_pack.o(i.BSP_OUTPUT_GPIO_Init)
    BSP_POWER_PACK_Init                      0x08000a85   Thumb Code   296  power_pack.o(i.BSP_POWER_PACK_Init)
    BSP_SMB_Enable                           0x08000bbd   Thumb Code     2  smb1381.o(i.BSP_SMB_Enable)
    BSP_SMB_Get_ID                           0x08000bbf   Thumb Code    28  smb1381.o(i.BSP_SMB_Get_ID)
    BSP_SMB_Init                             0x08000bdb   Thumb Code    62  smb1381.o(i.BSP_SMB_Init)
    BSP_UART3_Init                           0x08000c19   Thumb Code    44  power_pack.o(i.BSP_UART3_Init)
    BSP_USB2PHONE                            0x08000c49   Thumb Code    66  power_pack.o(i.BSP_USB2PHONE)
    BSP_USB2SMB                              0x08000c8b   Thumb Code    66  power_pack.o(i.BSP_USB2SMB)
    BSP_WLC2PHONE                            0x08000ccd   Thumb Code    66  power_pack.o(i.BSP_WLC2PHONE)
    BSP_WLC2SMB                              0x08000d0f   Thumb Code    66  power_pack.o(i.BSP_WLC2SMB)
    BusFault_Handler                         0x08000d51   Thumb Code     2  stm32l4xx_it.o(i.BusFault_Handler)
    DMA1_Channel1_IRQHandler                 0x08000d55   Thumb Code     8  stm32l4xx_it.o(i.DMA1_Channel1_IRQHandler)
    DebugMon_Handler                         0x08000d8b   Thumb Code     2  stm32l4xx_it.o(i.DebugMon_Handler)
    EXTI0_IRQHandler                         0x08000d8d   Thumb Code     6  stm32l4xx_it.o(i.EXTI0_IRQHandler)
    EXTI15_10_IRQHandler                     0x08000d95   Thumb Code    28  stm32l4xx_it.o(i.EXTI15_10_IRQHandler)
    EXTI1_IRQHandler                         0x08000db5   Thumb Code     6  stm32l4xx_it.o(i.EXTI1_IRQHandler)
    EXTI2_IRQHandler                         0x08000dbb   Thumb Code     6  stm32l4xx_it.o(i.EXTI2_IRQHandler)
    EXTI3_IRQHandler                         0x08000dc1   Thumb Code     6  stm32l4xx_it.o(i.EXTI3_IRQHandler)
    EXTI4_IRQHandler                         0x08000dc7   Thumb Code     6  stm32l4xx_it.o(i.EXTI4_IRQHandler)
    HAL_ADCEx_Calibration_Start              0x08000dcd   Thumb Code   134  stm32l4xx_hal_adc_ex.o(i.HAL_ADCEx_Calibration_Start)
    HAL_ADC_ConfigChannel                    0x08000e55   Thumb Code   996  stm32l4xx_hal_adc.o(i.HAL_ADC_ConfigChannel)
    HAL_ADC_ConvCpltCallback                 0x08001261   Thumb Code     2  stm32l4xx_hal_adc.o(i.HAL_ADC_ConvCpltCallback)
    HAL_ADC_ConvHalfCpltCallback             0x08001263   Thumb Code     2  stm32l4xx_hal_adc.o(i.HAL_ADC_ConvHalfCpltCallback)
    HAL_ADC_DeInit                           0x08001265   Thumb Code   344  stm32l4xx_hal_adc.o(i.HAL_ADC_DeInit)
    HAL_ADC_ErrorCallback                    0x080013d1   Thumb Code     2  stm32l4xx_hal_adc.o(i.HAL_ADC_ErrorCallback)
    HAL_ADC_Init                             0x080013d5   Thumb Code   384  stm32l4xx_hal_adc.o(i.HAL_ADC_Init)
    HAL_ADC_MspDeInit                        0x08001571   Thumb Code    36  stm32l4xx_hal_msp.o(i.HAL_ADC_MspDeInit)
    HAL_ADC_MspInit                          0x08001599   Thumb Code   158  stm32l4xx_hal_msp.o(i.HAL_ADC_MspInit)
    HAL_ADC_Start_DMA                        0x08001645   Thumb Code   180  stm32l4xx_hal_adc.o(i.HAL_ADC_Start_DMA)
    HAL_DMA_DeInit                           0x08001709   Thumb Code   126  stm32l4xx_hal_dma.o(i.HAL_DMA_DeInit)
    HAL_DMA_IRQHandler                       0x08001795   Thumb Code   168  stm32l4xx_hal_dma.o(i.HAL_DMA_IRQHandler)
    HAL_DMA_Init                             0x0800183d   Thumb Code   178  stm32l4xx_hal_dma.o(i.HAL_DMA_Init)
    HAL_DMA_Start_IT                         0x080018fd   Thumb Code   112  stm32l4xx_hal_dma.o(i.HAL_DMA_Start_IT)
    HAL_GPIO_DeInit                          0x0800196d   Thumb Code   258  stm32l4xx_hal_gpio.o(i.HAL_GPIO_DeInit)
    HAL_GPIO_EXTI_Callback                   0x08001a91   Thumb Code   142  main.o(i.HAL_GPIO_EXTI_Callback)
    HAL_GPIO_EXTI_IRQHandler                 0x08001b25   Thumb Code    18  stm32l4xx_hal_gpio.o(i.HAL_GPIO_EXTI_IRQHandler)
    HAL_GPIO_Init                            0x08001b3d   Thumb Code   364  stm32l4xx_hal_gpio.o(i.HAL_GPIO_Init)
    HAL_GPIO_TogglePin                       0x08001ccb   Thumb Code     8  stm32l4xx_hal_gpio.o(i.HAL_GPIO_TogglePin)
    HAL_GPIO_WritePin                        0x08001cd3   Thumb Code    10  stm32l4xx_hal_gpio.o(i.HAL_GPIO_WritePin)
    HAL_GetTick                              0x08001cdd   Thumb Code     6  stm32l4xx_hal.o(i.HAL_GetTick)
    HAL_I2C_DeInit                           0x08001ce9   Thumb Code    50  stm32l4xx_hal_i2c.o(i.HAL_I2C_DeInit)
    HAL_I2C_Init                             0x08001d1d   Thumb Code   178  stm32l4xx_hal_i2c.o(i.HAL_I2C_Init)
    HAL_I2C_Mem_Read                         0x08001dd5   Thumb Code   358  stm32l4xx_hal_i2c.o(i.HAL_I2C_Mem_Read)
    HAL_I2C_Mem_Write                        0x08001f4d   Thumb Code   354  stm32l4xx_hal_i2c.o(i.HAL_I2C_Mem_Write)
    HAL_I2C_MspDeInit                        0x080020bd   Thumb Code    88  stm32l4xx_hal_msp.o(i.HAL_I2C_MspDeInit)
    HAL_I2C_MspInit                          0x08002125   Thumb Code   192  stm32l4xx_hal_msp.o(i.HAL_I2C_MspInit)
    HAL_IncTick                              0x080021fd   Thumb Code    10  stm32l4xx_hal.o(i.HAL_IncTick)
    HAL_Init                                 0x0800220d   Thumb Code    22  stm32l4xx_hal.o(i.HAL_Init)
    HAL_InitTick                             0x08002225   Thumb Code    34  stm32l4xx_hal.o(i.HAL_InitTick)
    HAL_MspInit                              0x0800224d   Thumb Code     2  stm32l4xx_hal.o(i.HAL_MspInit)
    HAL_NVIC_DisableIRQ                      0x0800224f   Thumb Code    22  stm32l4xx_hal_cortex.o(i.HAL_NVIC_DisableIRQ)
    HAL_NVIC_EnableIRQ                       0x08002265   Thumb Code    22  stm32l4xx_hal_cortex.o(i.HAL_NVIC_EnableIRQ)
    HAL_NVIC_SetPriority                     0x0800227d   Thumb Code    60  stm32l4xx_hal_cortex.o(i.HAL_NVIC_SetPriority)
    HAL_NVIC_SetPriorityGrouping             0x080022bd   Thumb Code    26  stm32l4xx_hal_cortex.o(i.HAL_NVIC_SetPriorityGrouping)
    HAL_PWREx_GetVoltageRange                0x080022e1   Thumb Code    10  stm32l4xx_hal_pwr_ex.o(i.HAL_PWREx_GetVoltageRange)
    HAL_RCCEx_PeriphCLKConfig                0x080022f1   Thumb Code   682  stm32l4xx_hal_rcc_ex.o(i.HAL_RCCEx_PeriphCLKConfig)
    HAL_RCC_ClockConfig                      0x080025ad   Thumb Code   358  stm32l4xx_hal_rcc.o(i.HAL_RCC_ClockConfig)
    HAL_RCC_GetPCLK1Freq                     0x08002725   Thumb Code    20  stm32l4xx_hal_rcc.o(i.HAL_RCC_GetPCLK1Freq)
    HAL_RCC_GetPCLK2Freq                     0x08002745   Thumb Code    20  stm32l4xx_hal_rcc.o(i.HAL_RCC_GetPCLK2Freq)
    HAL_RCC_GetSysClockFreq                  0x08002765   Thumb Code   182  stm32l4xx_hal_rcc.o(i.HAL_RCC_GetSysClockFreq)
    HAL_RCC_OscConfig                        0x08002829   Thumb Code  1194  stm32l4xx_hal_rcc.o(i.HAL_RCC_OscConfig)
    HAL_SYSTICK_Config                       0x08002cd9   Thumb Code    40  stm32l4xx_hal_cortex.o(i.HAL_SYSTICK_Config)
    HAL_UART_DeInit                          0x08002d01   Thumb Code    64  stm32l4xx_hal_uart.o(i.HAL_UART_DeInit)
    HAL_UART_Init                            0x08002d41   Thumb Code   106  stm32l4xx_hal_uart.o(i.HAL_UART_Init)
    HAL_UART_MspDeInit                       0x08002dad   Thumb Code    60  stm32l4xx_hal_msp.o(i.HAL_UART_MspDeInit)
    HAL_UART_MspInit                         0x08002df5   Thumb Code   142  stm32l4xx_hal_msp.o(i.HAL_UART_MspInit)
    HardFault_Handler                        0x08002e91   Thumb Code     2  stm32l4xx_it.o(i.HardFault_Handler)
    MemManage_Handler                        0x08003199   Thumb Code     2  stm32l4xx_it.o(i.MemManage_Handler)
    NMI_Handler                              0x0800319b   Thumb Code     2  stm32l4xx_it.o(i.NMI_Handler)
    PendSV_Handler                           0x080031bd   Thumb Code     2  stm32l4xx_it.o(i.PendSV_Handler)
    SVC_Handler                              0x08003369   Thumb Code     2  stm32l4xx_it.o(i.SVC_Handler)
    SysTick_Handler                          0x0800336b   Thumb Code     4  stm32l4xx_it.o(i.SysTick_Handler)
    SystemClock_Config                       0x0800336f   Thumb Code   100  main.o(i.SystemClock_Config)
    SystemInit                               0x080033d5   Thumb Code    56  system_stm32l4xx.o(i.SystemInit)
    UART_AdvFeatureConfig                    0x08003419   Thumb Code   200  stm32l4xx_hal_uart.o(i.UART_AdvFeatureConfig)
    UART_CheckIdleState                      0x080034e1   Thumb Code    92  stm32l4xx_hal_uart.o(i.UART_CheckIdleState)
    UART_SetConfig                           0x0800353d   Thumb Code   554  stm32l4xx_hal_uart.o(i.UART_SetConfig)
    UART_WaitOnFlagUntilTimeout              0x08003791   Thumb Code   100  stm32l4xx_hal_uart.o(i.UART_WaitOnFlagUntilTimeout)
    UsageFault_Handler                       0x080037f5   Thumb Code     2  stm32l4xx_it.o(i.UsageFault_Handler)
    __scatterload_copy                       0x080037f7   Thumb Code    14  handlers.o(i.__scatterload_copy)
    __scatterload_null                       0x08003805   Thumb Code     2  handlers.o(i.__scatterload_null)
    __scatterload_zeroinit                   0x08003807   Thumb Code    14  handlers.o(i.__scatterload_zeroinit)
    main                                     0x08003815   Thumb Code    34  main.o(i.main)
    AHBPrescTable                            0x0800383c   Data          16  system_stm32l4xx.o(.constdata)
    MSIRangeTable                            0x0800384c   Data          48  system_stm32l4xx.o(.constdata)
    APBPrescTable                            0x0800387c   Data           8  system_stm32l4xx.o(.constdata)
    LED_PIN                                  0x08003884   Data           8  power_pack.o(.constdata)
    Region$$Table$$Base                      0x0800388c   Number         0  anon$$obj.o(Region$$Table)
    Region$$Table$$Limit                     0x080038ac   Number         0  anon$$obj.o(Region$$Table)
    key_count                                0x20000000   Data           1  main.o(.data)
    usb_in_voltage                           0x20000004   Data           4  main.o(.data)
    dc_in_voltage                            0x20000008   Data           4  main.o(.data)
    chg_out_voltage                          0x2000000c   Data           4  main.o(.data)
    smb1381_id                               0x20000010   Data           4  main.o(.data)
    aADCxConvertedData                       0x20000014   Data           8  main.o(.data)
    uwTick                                   0x2000001c   Data           4  stm32l4xx_hal.o(.data)
    SystemCoreClock                          0x20000020   Data           4  system_stm32l4xx.o(.data)
    I2c1Timeout                              0x20000024   Data           4  power_pack.o(.data)
    I2c2Timeout                              0x20000028   Data           4  power_pack.o(.data)
    LED_PORT                                 0x2000002c   Data          16  power_pack.o(.data)
    AdcHandle                                0x2000003c   Data         104  main.o(.bss)
    power_bank_i2c1                          0x200000ec   Data          76  power_pack.o(.bss)
    power_bank_i2c2                          0x20000138   Data          76  power_pack.o(.bss)
    __initial_sp                             0x20000588   Data           0  startup_stm32l431xx.o(STACK)



==============================================================================

Memory Map of the image

  Image Entry point : 0x0800018d

  Load Region LR_IROM1 (Base: 0x08000000, Size: 0x000038e8, Max: 0x00040000, ABSOLUTE)

    Execution Region ER_IROM1 (Base: 0x08000000, Size: 0x000038ac, Max: 0x00040000, ABSOLUTE)

    Base Addr    Size         Type   Attr      Idx    E Section Name        Object

    0x08000000   0x0000018c   Data   RO            3    RESET               startup_stm32l431xx.o
    0x0800018c   0x00000000   Code   RO         4392  * .ARM.Collect$$$$00000000  mc_w.l(entry.o)
    0x0800018c   0x00000004   Code   RO         4399    .ARM.Collect$$$$00000001  mc_w.l(entry2.o)
    0x08000190   0x00000004   Code   RO         4402    .ARM.Collect$$$$00000004  mc_w.l(entry5.o)
    0x08000194   0x00000000   Code   RO         4404    .ARM.Collect$$$$00000008  mc_w.l(entry7b.o)
    0x08000194   0x00000000   Code   RO         4406    .ARM.Collect$$$$0000000A  mc_w.l(entry8b.o)
    0x08000194   0x00000008   Code   RO         4407    .ARM.Collect$$$$0000000B  mc_w.l(entry9a.o)
    0x0800019c   0x00000000   Code   RO         4409    .ARM.Collect$$$$0000000D  mc_w.l(entry10a.o)
    0x0800019c   0x00000000   Code   RO         4411    .ARM.Collect$$$$0000000F  mc_w.l(entry11a.o)
    0x0800019c   0x00000004   Code   RO         4400    .ARM.Collect$$$$00002712  mc_w.l(entry2.o)
    0x080001a0   0x00000024   Code   RO            4    .text               startup_stm32l431xx.o
    0x080001c4   0x00000068   Code   RO         4395    .text               mc_w.l(uldiv.o)
    0x0800022c   0x00000024   Code   RO         4397    .text               mc_w.l(memseta.o)
    0x08000250   0x0000001e   Code   RO         4413    .text               mc_w.l(llshl.o)
    0x0800026e   0x00000020   Code   RO         4415    .text               mc_w.l(llushr.o)
    0x0800028e   0x00000002   PAD
    0x08000290   0x00000024   Code   RO         4417    .text               mc_w.l(init.o)
    0x080002b4   0x000000c4   Code   RO         1163    i.ADC_ConversionStop  stm32l4xx_hal_adc.o
    0x08000378   0x00000068   Code   RO         1164    i.ADC_DMAConvCplt   stm32l4xx_hal_adc.o
    0x080003e0   0x0000001a   Code   RO         1165    i.ADC_DMAError      stm32l4xx_hal_adc.o
    0x080003fa   0x0000000a   Code   RO         1166    i.ADC_DMAHalfConvCplt  stm32l4xx_hal_adc.o
    0x08000404   0x00000034   Code   RO           13    i.ADC_Data_Handle   main.o
    0x08000438   0x00000068   Code   RO         1167    i.ADC_Disable       stm32l4xx_hal_adc.o
    0x080004a0   0x00000098   Code   RO         1168    i.ADC_Enable        stm32l4xx_hal_adc.o
    0x08000538   0x000000d8   Code   RO         4088    i.BSP_ADC_Init      power_pack.o
    0x08000610   0x0000004a   Code   RO         4089    i.BSP_BOOST2PHONE   power_pack.o
    0x0800065a   0x00000002   PAD
    0x0800065c   0x00000080   Code   RO         4090    i.BSP_EXIT15_10_IRQHandler_Config  power_pack.o
    0x080006dc   0x0000002c   Code   RO         4093    i.BSP_I2C1_Init     power_pack.o
    0x08000708   0x00000014   Code   RO         4099    i.BSP_I2C2_Error    power_pack.o
    0x0800071c   0x0000002c   Code   RO         4100    i.BSP_I2C2_Init     power_pack.o
    0x08000748   0x00000038   Code   RO         4102    i.BSP_I2C2_Read     power_pack.o
    0x08000780   0x0000002c   Code   RO         4103    i.BSP_I2C2_ReadBuffer  power_pack.o
    0x080007ac   0x00000030   Code   RO         4104    i.BSP_I2C2_Write    power_pack.o
    0x080007dc   0x00000094   Code   RO         4106    i.BSP_IO_Config     power_pack.o
    0x08000870   0x00000030   Code   RO         4107    i.BSP_IO_DEFAULT    power_pack.o
    0x080008a0   0x00000098   Code   RO         4108    i.BSP_LED_Init      power_pack.o
    0x08000938   0x00000060   Code   RO         4109    i.BSP_LED_Light     power_pack.o
    0x08000998   0x0000001c   Code   RO         4110    i.BSP_LED_Off       power_pack.o
    0x080009b4   0x0000001c   Code   RO         4111    i.BSP_LED_On        power_pack.o
    0x080009d0   0x00000018   Code   RO         4112    i.BSP_LED_Toggle    power_pack.o
    0x080009e8   0x0000009c   Code   RO         4113    i.BSP_OUTPUT_GPIO_Init  power_pack.o
    0x08000a84   0x00000138   Code   RO         4114    i.BSP_POWER_PACK_Init  power_pack.o
    0x08000bbc   0x00000002   Code   RO         4345    i.BSP_SMB_Enable    smb1381.o
    0x08000bbe   0x0000001c   Code   RO         4346    i.BSP_SMB_Get_ID    smb1381.o
    0x08000bda   0x0000003e   Code   RO         4347    i.BSP_SMB_Init      smb1381.o
    0x08000c18   0x00000030   Code   RO         4115    i.BSP_UART3_Init    power_pack.o
    0x08000c48   0x00000042   Code   RO         4116    i.BSP_USB2PHONE     power_pack.o
    0x08000c8a   0x00000042   Code   RO         4117    i.BSP_USB2SMB       power_pack.o
    0x08000ccc   0x00000042   Code   RO         4118    i.BSP_WLC2PHONE     power_pack.o
    0x08000d0e   0x00000042   Code   RO         4119    i.BSP_WLC2SMB       power_pack.o
    0x08000d50   0x00000002   Code   RO          175    i.BusFault_Handler  stm32l4xx_it.o
    0x08000d52   0x00000002   PAD
    0x08000d54   0x0000000c   Code   RO          176    i.DMA1_Channel1_IRQHandler  stm32l4xx_it.o
    0x08000d60   0x0000002a   Code   RO         2504    i.DMA_SetConfig     stm32l4xx_hal_dma.o
    0x08000d8a   0x00000002   Code   RO          177    i.DebugMon_Handler  stm32l4xx_it.o
    0x08000d8c   0x00000006   Code   RO          178    i.EXTI0_IRQHandler  stm32l4xx_it.o
    0x08000d92   0x00000002   PAD
    0x08000d94   0x00000020   Code   RO          179    i.EXTI15_10_IRQHandler  stm32l4xx_it.o
    0x08000db4   0x00000006   Code   RO          180    i.EXTI1_IRQHandler  stm32l4xx_it.o
    0x08000dba   0x00000006   Code   RO          181    i.EXTI2_IRQHandler  stm32l4xx_it.o
    0x08000dc0   0x00000006   Code   RO          182    i.EXTI3_IRQHandler  stm32l4xx_it.o
    0x08000dc6   0x00000006   Code   RO          183    i.EXTI4_IRQHandler  stm32l4xx_it.o
    0x08000dcc   0x00000086   Code   RO         2171    i.HAL_ADCEx_Calibration_Start  stm32l4xx_hal_adc_ex.o
    0x08000e52   0x00000002   PAD
    0x08000e54   0x0000040c   Code   RO         1170    i.HAL_ADC_ConfigChannel  stm32l4xx_hal_adc.o
    0x08001260   0x00000002   Code   RO         1171    i.HAL_ADC_ConvCpltCallback  stm32l4xx_hal_adc.o
    0x08001262   0x00000002   Code   RO         1172    i.HAL_ADC_ConvHalfCpltCallback  stm32l4xx_hal_adc.o
    0x08001264   0x0000016c   Code   RO         1173    i.HAL_ADC_DeInit    stm32l4xx_hal_adc.o
    0x080013d0   0x00000002   Code   RO         1174    i.HAL_ADC_ErrorCallback  stm32l4xx_hal_adc.o
    0x080013d2   0x00000002   PAD
    0x080013d4   0x0000019c   Code   RO         1179    i.HAL_ADC_Init      stm32l4xx_hal_adc.o
    0x08001570   0x00000028   Code   RO          305    i.HAL_ADC_MspDeInit  stm32l4xx_hal_msp.o
    0x08001598   0x000000ac   Code   RO          306    i.HAL_ADC_MspInit   stm32l4xx_hal_msp.o
    0x08001644   0x000000c4   Code   RO         1186    i.HAL_ADC_Start_DMA  stm32l4xx_hal_adc.o
    0x08001708   0x0000008c   Code   RO         2507    i.HAL_DMA_DeInit    stm32l4xx_hal_dma.o
    0x08001794   0x000000a8   Code   RO         2510    i.HAL_DMA_IRQHandler  stm32l4xx_hal_dma.o
    0x0800183c   0x000000c0   Code   RO         2511    i.HAL_DMA_Init      stm32l4xx_hal_dma.o
    0x080018fc   0x00000070   Code   RO         2515    i.HAL_DMA_Start_IT  stm32l4xx_hal_dma.o
    0x0800196c   0x00000122   Code   RO          360    i.HAL_GPIO_DeInit   stm32l4xx_hal_gpio.o
    0x08001a8e   0x00000002   PAD
    0x08001a90   0x00000094   Code   RO           14    i.HAL_GPIO_EXTI_Callback  main.o
    0x08001b24   0x00000018   Code   RO          362    i.HAL_GPIO_EXTI_IRQHandler  stm32l4xx_hal_gpio.o
    0x08001b3c   0x0000018e   Code   RO          363    i.HAL_GPIO_Init     stm32l4xx_hal_gpio.o
    0x08001cca   0x00000008   Code   RO          366    i.HAL_GPIO_TogglePin  stm32l4xx_hal_gpio.o
    0x08001cd2   0x0000000a   Code   RO          367    i.HAL_GPIO_WritePin  stm32l4xx_hal_gpio.o
    0x08001cdc   0x0000000c   Code   RO          538    i.HAL_GetTick       stm32l4xx_hal.o
    0x08001ce8   0x00000032   Code   RO         1384    i.HAL_I2C_DeInit    stm32l4xx_hal_i2c.o
    0x08001d1a   0x00000002   PAD
    0x08001d1c   0x000000b8   Code   RO         1393    i.HAL_I2C_Init      stm32l4xx_hal_i2c.o
    0x08001dd4   0x00000176   Code   RO         1409    i.HAL_I2C_Mem_Read  stm32l4xx_hal_i2c.o
    0x08001f4a   0x00000002   PAD
    0x08001f4c   0x0000016e   Code   RO         1412    i.HAL_I2C_Mem_Write  stm32l4xx_hal_i2c.o
    0x080020ba   0x00000002   PAD
    0x080020bc   0x00000068   Code   RO          307    i.HAL_I2C_MspDeInit  stm32l4xx_hal_msp.o
    0x08002124   0x000000d6   Code   RO          308    i.HAL_I2C_MspInit   stm32l4xx_hal_msp.o
    0x080021fa   0x00000002   PAD
    0x080021fc   0x00000010   Code   RO          542    i.HAL_IncTick       stm32l4xx_hal.o
    0x0800220c   0x00000016   Code   RO          543    i.HAL_Init          stm32l4xx_hal.o
    0x08002222   0x00000002   PAD
    0x08002224   0x00000028   Code   RO          544    i.HAL_InitTick      stm32l4xx_hal.o
    0x0800224c   0x00000002   Code   RO          546    i.HAL_MspInit       stm32l4xx_hal.o
    0x0800224e   0x00000016   Code   RO         1042    i.HAL_NVIC_DisableIRQ  stm32l4xx_hal_cortex.o
    0x08002264   0x00000016   Code   RO         1043    i.HAL_NVIC_EnableIRQ  stm32l4xx_hal_cortex.o
    0x0800227a   0x00000002   PAD
    0x0800227c   0x00000040   Code   RO         1049    i.HAL_NVIC_SetPriority  stm32l4xx_hal_cortex.o
    0x080022bc   0x00000024   Code   RO         1050    i.HAL_NVIC_SetPriorityGrouping  stm32l4xx_hal_cortex.o
    0x080022e0   0x00000010   Code   RO          878    i.HAL_PWREx_GetVoltageRange  stm32l4xx_hal_pwr_ex.o
    0x080022f0   0x000002ba   Code   RO         3280    i.HAL_RCCEx_PeriphCLKConfig  stm32l4xx_hal_rcc_ex.o
    0x080025aa   0x00000002   PAD
    0x080025ac   0x00000178   Code   RO          427    i.HAL_RCC_ClockConfig  stm32l4xx_hal_rcc.o
    0x08002724   0x00000020   Code   RO          433    i.HAL_RCC_GetPCLK1Freq  stm32l4xx_hal_rcc.o
    0x08002744   0x00000020   Code   RO          434    i.HAL_RCC_GetPCLK2Freq  stm32l4xx_hal_rcc.o
    0x08002764   0x000000c4   Code   RO          435    i.HAL_RCC_GetSysClockFreq  stm32l4xx_hal_rcc.o
    0x08002828   0x000004b0   Code   RO          438    i.HAL_RCC_OscConfig  stm32l4xx_hal_rcc.o
    0x08002cd8   0x00000028   Code   RO         1054    i.HAL_SYSTICK_Config  stm32l4xx_hal_cortex.o
    0x08002d00   0x00000040   Code   RO         1831    i.HAL_UART_DeInit   stm32l4xx_hal_uart.o
    0x08002d40   0x0000006a   Code   RO         1836    i.HAL_UART_Init     stm32l4xx_hal_uart.o
    0x08002daa   0x00000002   PAD
    0x08002dac   0x00000048   Code   RO          309    i.HAL_UART_MspDeInit  stm32l4xx_hal_msp.o
    0x08002df4   0x0000009c   Code   RO          310    i.HAL_UART_MspInit  stm32l4xx_hal_msp.o
    0x08002e90   0x00000002   Code   RO          184    i.HardFault_Handler  stm32l4xx_it.o
    0x08002e92   0x00000022   Code   RO         1435    i.I2C_Flush_TXDR    stm32l4xx_hal_i2c.o
    0x08002eb4   0x0000007c   Code   RO         1443    i.I2C_IsAcknowledgeFailed  stm32l4xx_hal_i2c.o
    0x08002f30   0x00000070   Code   RO         1446    i.I2C_RequestMemoryRead  stm32l4xx_hal_i2c.o
    0x08002fa0   0x00000070   Code   RO         1447    i.I2C_RequestMemoryWrite  stm32l4xx_hal_i2c.o
    0x08003010   0x0000002c   Code   RO         1450    i.I2C_TransferConfig  stm32l4xx_hal_i2c.o
    0x0800303c   0x00000052   Code   RO         1451    i.I2C_WaitOnFlagUntilTimeout  stm32l4xx_hal_i2c.o
    0x0800308e   0x0000004e   Code   RO         1453    i.I2C_WaitOnSTOPFlagUntilTimeout  stm32l4xx_hal_i2c.o
    0x080030dc   0x00000052   Code   RO         1454    i.I2C_WaitOnTXISFlagUntilTimeout  stm32l4xx_hal_i2c.o
    0x0800312e   0x0000000c   Code   RO         1192    i.LL_ADC_GetOffsetChannel  stm32l4xx_hal_adc.o
    0x0800313a   0x00000008   Code   RO         1193    i.LL_ADC_REG_IsConversionOngoing  stm32l4xx_hal_adc.o
    0x08003142   0x00000046   Code   RO         1195    i.LL_ADC_SetChannelSamplingTime  stm32l4xx_hal_adc.o
    0x08003188   0x00000010   Code   RO         1196    i.LL_ADC_SetOffsetState  stm32l4xx_hal_adc.o
    0x08003198   0x00000002   Code   RO          187    i.MemManage_Handler  stm32l4xx_it.o
    0x0800319a   0x00000002   Code   RO          188    i.NMI_Handler       stm32l4xx_it.o
    0x0800319c   0x00000020   Code   RO         1056    i.NVIC_SetPriority  stm32l4xx_hal_cortex.o
    0x080031bc   0x00000002   Code   RO          189    i.PendSV_Handler    stm32l4xx_it.o
    0x080031be   0x00000002   PAD
    0x080031c0   0x0000012c   Code   RO         3283    i.RCCEx_PLLSAI1_Config  stm32l4xx_hal_rcc_ex.o
    0x080032ec   0x0000007c   Code   RO          439    i.RCC_SetFlashLatencyFromMSIRange  stm32l4xx_hal_rcc.o
    0x08003368   0x00000002   Code   RO          190    i.SVC_Handler       stm32l4xx_it.o
    0x0800336a   0x00000004   Code   RO          191    i.SysTick_Handler   stm32l4xx_it.o
    0x0800336e   0x00000064   Code   RO           15    i.SystemClock_Config  main.o
    0x080033d2   0x00000002   PAD
    0x080033d4   0x00000044   Code   RO         4051    i.SystemInit        system_stm32l4xx.o
    0x08003418   0x000000c8   Code   RO         1849    i.UART_AdvFeatureConfig  stm32l4xx_hal_uart.o
    0x080034e0   0x0000005c   Code   RO         1850    i.UART_CheckIdleState  stm32l4xx_hal_uart.o
    0x0800353c   0x00000254   Code   RO         1865    i.UART_SetConfig    stm32l4xx_hal_uart.o
    0x08003790   0x00000064   Code   RO         1868    i.UART_WaitOnFlagUntilTimeout  stm32l4xx_hal_uart.o
    0x080037f4   0x00000002   Code   RO          192    i.UsageFault_Handler  stm32l4xx_it.o
    0x080037f6   0x0000000e   Code   RO         4421    i.__scatterload_copy  mc_w.l(handlers.o)
    0x08003804   0x00000002   Code   RO         4422    i.__scatterload_null  mc_w.l(handlers.o)
    0x08003806   0x0000000e   Code   RO         4423    i.__scatterload_zeroinit  mc_w.l(handlers.o)
    0x08003814   0x00000028   Code   RO           16    i.main              main.o
    0x0800383c   0x00000040   Data   RO         4052    .constdata          system_stm32l4xx.o
    0x0800387c   0x00000008   Data   RO         4053    .constdata          system_stm32l4xx.o
    0x08003884   0x00000008   Data   RO         4121    .constdata          power_pack.o
    0x0800388c   0x00000020   Data   RO         4419    Region$$Table       anon$$obj.o


    Execution Region RW_IRAM1 (Base: 0x20000000, Size: 0x00000588, Max: 0x0000c000, ABSOLUTE)

    Base Addr    Size         Type   Attr      Idx    E Section Name        Object

    0x20000000   0x0000001c   Data   RW           20    .data               main.o
    0x2000001c   0x00000004   Data   RW          559    .data               stm32l4xx_hal.o
    0x20000020   0x00000004   Data   RW         4054    .data               system_stm32l4xx.o
    0x20000024   0x00000018   Data   RW         4122    .data               power_pack.o
    0x2000003c   0x00000068   Zero   RW           18    .bss                main.o
    0x200000a4   0x00000048   Zero   RW          311    .bss                stm32l4xx_hal_msp.o
    0x200000ec   0x00000098   Zero   RW         4120    .bss                power_pack.o
    0x20000184   0x00000004   PAD
    0x20000188   0x00000400   Zero   RW            1    STACK               startup_stm32l431xx.o


==============================================================================

Image component sizes


      Code (inc. data)   RO Data    RW Data    ZI Data      Debug   Object Name

       340         20          0         28        104     682117   main.o
      1978        180          8         24        152      18040   power_pack.o
        92          0          0          0          0       2261   smb1381.o
        36          8        396          0       1024        880   startup_stm32l431xx.o
        92         18          0          4          0       4549   stm32l4xx_hal.o
      2712        134          0          0          0      66665   stm32l4xx_hal_adc.o
       134          0          0          0          0       1926   stm32l4xx_hal_adc_ex.o
       216         14          0          0          0      31661   stm32l4xx_hal_cortex.o
       654         28          0          0          0       4968   stm32l4xx_hal_dma.o
       730         60          0          0          0       5050   stm32l4xx_hal_gpio.o
      1642         40          0          0          0      13747   stm32l4xx_hal_i2c.o
       758         76          0          0         72       4796   stm32l4xx_hal_msp.o
        16          6          0          0          0        652   stm32l4xx_hal_pwr_ex.o
      1960         90          0          0          0       7376   stm32l4xx_hal_rcc.o
       998         32          0          0          0       3208   stm32l4xx_hal_rcc_ex.o
      1158         62          0          0          0       6523   stm32l4xx_hal_uart.o
        94          8          0          0          0       8099   stm32l4xx_it.o
        68         12         72          4          0       1365   system_stm32l4xx.o

    ----------------------------------------------------------------------
     13710        788        508         60       1356     863883   Object Totals
         0          0         32          0          0          0   (incl. Generated)
        32          0          0          0          4          0   (incl. Padding)

    ----------------------------------------------------------------------

      Code (inc. data)   RO Data    RW Data    ZI Data      Debug   Library Member Name

         0          0          0          0          0          0   entry.o
         0          0          0          0          0          0   entry10a.o
         0          0          0          0          0          0   entry11a.o
         8          4          0          0          0          0   entry2.o
         4          0          0          0          0          0   entry5.o
         0          0          0          0          0          0   entry7b.o
         0          0          0          0          0          0   entry8b.o
         8          4          0          0          0          0   entry9a.o
        30          0          0          0          0          0   handlers.o
        36          8          0          0          0         68   init.o
        30          0          0          0          0         68   llshl.o
        32          0          0          0          0         68   llushr.o
        36          0          0          0          0        108   memseta.o
       104          0          0          0          0         92   uldiv.o

    ----------------------------------------------------------------------
       290         16          0          0          0        404   Library Totals
         2          0          0          0          0          0   (incl. Padding)

    ----------------------------------------------------------------------

      Code (inc. data)   RO Data    RW Data    ZI Data      Debug   Library Name

       288         16          0          0          0        404   mc_w.l

    ----------------------------------------------------------------------
       290         16          0          0          0        404   Library Totals

    ----------------------------------------------------------------------

==============================================================================


      Code (inc. data)   RO Data    RW Data    ZI Data      Debug   

     14000        804        508         60       1356     853087   Grand Totals
     14000        804        508         60       1356     853087   ELF Image Totals
     14000        804        508         60          0          0   ROM Totals

==============================================================================

    Total RO  Size (Code + RO Data)                14508 (  14.17kB)
    Total RW  Size (RW Data + ZI Data)              1416 (   1.38kB)
    Total ROM Size (Code + RO Data + RW Data)      14568 (  14.23kB)

==============================================================================

